2022-12-09 13:58:44.188  1730-1910  ActivityManager         pid-1730                             D  [SD] user menu kill listen remove action name:org.test.myapp uid:10294
2022-12-09 13:58:44.244  1730-9521  WindowManager           pid-1730                             I  WIN DEATH: Window{67213a7 u0 org.test.myapp/org.kivy.android.PythonActivity}
2022-12-09 13:58:44.244  1730-9521  InputManager-JNI        pid-1730                             W  Input channel object '67213a7 org.test.myapp/org.kivy.android.PythonActivity (client)' was disposed without first being removed with the input manager!
2022-12-09 13:58:44.244  1191-2100  SurfaceFlinger          pid-1191                             I  id=5460 Removed SurfaceView - org.test.myapp/org.kivy.android.PythonActivity@42945f9@1(BLAST)#0 (110)
2022-12-09 13:58:44.247  1191-1191  Layer                   pid-1191                             I  id=5428 mRemovedFromDrawingState 67213a7 org.test.myapp/org.kivy.android.PythonActivity#0 (110)
2022-12-09 13:58:44.248  1191-1191  Layer                   pid-1191                             I  id=5460 Destroyed SurfaceView - org.test.myapp/org.kivy.android.PythonActivity@42945f9@1(BLAST)#0
2022-12-09 13:58:44.249  1191-1255  SurfaceFlinger          pid-1191                             I  id=5428 Removed 67213a7 org.test.myapp/org.kivy.android.PythonActivity#0 (109)
2022-12-09 13:58:44.249  1730-2111  ActivityTaskManager     pid-1730                             I  Removing activity ActivityRecord{b390a71 u0 org.test.myapp/org.kivy.android.PythonActivity t459 f}}(appDied)  from stack callers=com.android.server.wm.ActivityRecord.handleAppDied:4279 com.android.server.wm.WindowProcessController.handleAppDied:1287 com.android.server.wm.ActivityTaskManagerService$LocalService.handleAppDied:7061 com.android.server.am.ActivityManagerService.handleAppDiedLocked:3651 com.android.server.am.ActivityManagerService.appDiedLocked:3841 
2022-12-09 13:58:44.258  1730-5055  PkgPredict...Controller pid-1730                             D  app:0_&_org.test.myapp die, remove from <launchTime:2022-12-09 13:58:18 hour:13 day:6 previous:[org.test.myapp, org.test.myapp, org.test.myapp] running:org.test.myapp/org.kivy.android.PythonActivity apkVersion:0.4 userId:0 screenOrientation:1 wifi:3 bt:0 predictTime:2 launching Time:91 predicted:true prediction:[0_&_org.test.myapp, 0_&_com.sec.android.app.myfiles, 0_&_com.android.vending] preloaded:true preloading:[0_&_org.test.myapp, 0_&_com.sec.android.app.myfiles, 0_&_com.android.vending]>
2022-12-09 13:58:44.263  1730-1921  UsageStatsService       pid-1730                             W  Unexpected activity event reported! (org.test.myapp/org.kivy.android.PythonActivity event : 23 instanceId : 3637272)
2022-12-09 13:58:44.264  1191-1191  Layer                   pid-1191                             I  id=5420 mRemovedFromDrawingState ActivityRecord{b390a71 u0 org.test.myapp/org.kivy.android.PythonActivity t459}#0 (110)
2022-12-09 13:58:44.264  1191-1191  SurfaceFlinger          pid-1191                             I  id=5420 Removed ActivityRecord{b390a71 u0 org.test.myapp/org.kivy.android.PythonActivity t459}#0 (110)
2022-12-09 13:58:44.264  1191-1191  Layer                   pid-1191                             I  id=5428 Destroyed 67213a7 org.test.myapp/org.kivy.android.PythonActivity#0
2022-12-09 13:58:44.265  1191-1191  Layer                   pid-1191                             I  id=5420 Destroyed ActivityRecord{b390a71 u0 org.test.myapp/org.kivy.android.PythonActivity t459}#0
2022-12-09 13:59:01.090  4138-4138  StartingSurfaceDrawer   pid-4138                             D  preloadSplashScreenAppIcon org.test.myapp
2022-12-09 13:59:01.101  1730-1923  ActivityManager         pid-1730                             I  Start proc 13821:org.test.myapp/u0a294 for activelaunch {org.test.myapp/org.kivy.android.PythonActivity}
2022-12-09 13:59:01.101  1730-1923  ActivityManager         pid-1730                             D  [SecIpm] it's a ML_TYPE_EMPTYPROCESS protected process org.test.myapp
2022-12-09 13:59:01.113 13821-13821 org.test.myapp          pid-13821                            I  Late-enabling -Xcheck:jni
2022-12-09 13:59:01.162 13821-13821 USNET                   pid-13821                            E  USNET: appName: org.test.myapp
2022-12-09 13:59:01.172  1730-2111  ActivityManager         pid-1730                             I  DSS OFF for org.test.myapp
2022-12-09 13:59:01.176  1730-2111  ActivityManager         pid-1730                             D  attachApplicationLocked() app=ProcessRecord{19f936d 13821:org.test.myapp/u0a294} app.isolatedEntryPoint=null instr2=null
2022-12-09 13:59:01.178  1730-2101  ActivityTaskManager     pid-1730                             I  START u0 {act=android.intent.action.MAIN cat=[android.intent.category.LAUNCHER] flg=0x10200000 cmp=org.test.myapp/org.kivy.android.PythonActivity bnds=[222,812][406,1134]} from uid 10077
2022-12-09 13:59:01.179  1730-2101  ActivityTaskManager     pid-1730                             D  TaskLaunchParamsModifier:task=null activity=ActivityRecord{9546ff0 u0 org.test.myapp/org.kivy.android.PythonActivity display-from-option=0 display-id=0 display-windowing-mode=1 suggested-display-area=DefaultTaskDisplayArea@170034870
2022-12-09 13:59:01.179  1730-2101  [secipm]                pid-1730                             D  mSecIpmManager Preload org.test.myapp dex files
2022-12-09 13:59:01.178  4687-4824  AppIconSolution         pid-4687                             I  getThemeIconWithBG called with public API, pkg = org.test.myapp
2022-12-09 13:59:01.179  1730-2101  ActivityTaskManager     pid-1730                             D  TaskLaunchParamsModifier:task=null activity=ActivityRecord{9546ff0 u0 org.test.myapp/org.kivy.android.PythonActivity t-1} display-from-option=0 display-id=0 display-windowing-mode=1 suggested-display-area=DefaultTaskDisplayArea@170034870 inherit-from-source=fullscreen activity-options-fullscreen=Rect(0, 0 - 0, 0) non-freeform-display display-area=DefaultTaskDisplayArea@170034870 maximized-bounds
2022-12-09 13:59:01.180  1730-5085  PkgPredict...Controller pid-1730                             D  create a new DexPreloadTask pkg:org.test.myapp  path:/data/app/~~AuNI2UxH6dmXc1KRsuV9aA==/org.test.myapp-tNYslrw1fpyKY9k2d9ObfA==
2022-12-09 13:59:01.180  4687-4824  AppIconSolution         pid-4687                             I  start to load, pkg=org.test.myapp, bg=192-192, dr=192-192, forDefault=true, density=480
2022-12-09 13:59:01.181  4687-4824  AppIconSolution         pid-4687                             I  getIconScale, pkg=org.test.myapp, size=128, iconScale=IconScale[alpha=5, scale=0.72, isCrop=false]
2022-12-09 13:59:01.182  1730-2101  ActivityTaskManager     pid-1730                             D  TaskLaunchParamsModifier:task=Task{6aef969 #460 type=standard A=10294:org.test.myapp U=0 visible=false mode=fullscreen translucent=true sz=0} activity=ActivityRecord{9546ff0 u0 org.test.myapp/org.kivy.android.PythonActivity t-1} display-from-option=0 display-id=0 display-windowing-mode=1 suggested-display-area=DefaultTaskDisplayArea@170034870 inherit-from-source=fullscreen activity-options-fullscreen=Rect(0, 0 - 0, 0) non-freeform-display display-area=DefaultTaskDisplayArea@170034870 maximized-bounds
2022-12-09 13:59:01.183  1191-1257  SurfaceFlinger          pid-1191                             I  id=5475 createSurf (0x0),-1 flag=80004, ActivityRecord{9546ff0 u0 org.test.myapp/org.kivy.android.PythonActivity t460}#0
2022-12-09 13:59:01.184  4687-4824  AppIconSolution         pid-4687                             I  default container[Contain], pkg=org.test.myapp, bg=164-164, dr=128-128, isNight = true
2022-12-09 13:59:01.184  4687-4824  LauncherActivityInfo    pid-4687                             I  packageName: org.test.myapp, useThemeIcon: false, height: 164, width: 164, density: 480
2022-12-09 13:59:01.186 13821-13821 ActivityThread          org.test.myapp                       D  handleBindApplication()++ app=org.test.myapp
2022-12-09 13:59:01.187 13821-13821 Compatibil...geReporter org.test.myapp                       D  Compat change id reported: 171979766; UID 10294; state: DISABLED
2022-12-09 13:59:01.188  4138-4227  StartingSurfaceDrawer   pid-4138                             D  addSplashScreen org.test.myapp theme=1030006 task=460 suggestType=1
2022-12-09 13:59:01.196  1191-1255  SurfaceFlinger          pid-1191                             I  id=5476 createSurf (0x0),-1 flag=80004, 8289b1c Splash Screen org.test.myapp#0
2022-12-09 13:59:01.199 13821-13821 ApplicationLoaders      org.test.myapp                       D  Returning zygote-cached class loader: /system/framework/android.test.base.jar
2022-12-09 13:59:01.205 13821-13821 nativeloader            org.test.myapp                       D  Configuring classloader-namespace for other apk /system/framework/org.apache.http.legacy.jar. target_sdk_version=27, uses_libraries=ALL, library_path=/data/app/~~AuNI2UxH6dmXc1KRsuV9aA==/org.test.myapp-tNYslrw1fpyKY9k2d9ObfA==/lib/arm64:/data/app/~~AuNI2UxH6dmXc1KRsuV9aA==/org.test.myapp-tNYslrw1fpyKY9k2d9ObfA==/base.apk!/lib/arm64-v8a, permitted_path=/data:/mnt/expand:/data/user/0/org.test.myapp
2022-12-09 13:59:01.205 13821-13821 nativeloader            org.test.myapp                       D  Extending system_exposed_libraries: libsce_v1.crypto.samsung.so:lib_vnd_client.dk.samsung.so:lib_native_client.dk.samsung.so:lib_nativeJni.dk.samsung.so:libknox_remotedesktopclient.knox.samsung.so:libss_jni.securestorage.samsung.so:libheifcapture_jni.media.samsung.so:libjpegsq.media.samsung.so:libsemimagecrop_jni.media.samsung.so:libvraudio_client.qti.so:libbinauralrenderer_wrapper.qti.so:libhoaeffects.qti.so:libSDKRecognitionText.spensdk.samsung.so:libSEF.quram.so:libimagecodec.quram.so:libagifencoder.quram.so:libSFEffect.fonteffect.samsung.so:libexifa.camera.samsung.so:libjpega.camera.samsung.so:libOpenCv.camera.samsung.so:libImageScreener.camera.samsung.so:libFacePreProcessing.camera.samsung.so:libHpr_RecGAE_cvFeature_v1.0.camera.samsung.so:libHprFace_GAE_api.camera.samsung.so:libHprFace_GAE_jni.camera.samsung.so:libObjectAndSceneClassification_2.5_OD.camera.samsung.so:libQREngine_common.camera.samsung.so:libInteractiveSegmentation.camera.samsung.so:libsmart_cropping.camera.samsung.so:libStride.camera.sam
2022-12-09 13:59:01.206  1730-6539  MARsPolicyManager       pid-1730                             D  onPackageResumedFG pkgName = org.test.myapp, userId = 0
2022-12-09 13:59:01.208 13821-13821 ziparchive              org.test.myapp                       W  Unable to open '/data/app/~~AuNI2UxH6dmXc1KRsuV9aA==/org.test.myapp-tNYslrw1fpyKY9k2d9ObfA==/base.dm': No such file or directory
2022-12-09 13:59:01.208 13821-13821 ziparchive              org.test.myapp                       W  Unable to open '/data/app/~~AuNI2UxH6dmXc1KRsuV9aA==/org.test.myapp-tNYslrw1fpyKY9k2d9ObfA==/base.dm': No such file or directory
2022-12-09 13:59:01.209  1730-6539  WindowManager           pid-1730                             D  rotationForOrientation, orientationSource=ActivityRecord{9546ff0 u0 org.test.myapp/org.kivy.android.PythonActivity t460}
2022-12-09 13:59:01.211  1730-6539  SGM:PkgDataHelper       pid-1730                             D  notifyAppCreate(), pkgName: org.test.myapp, userId: 0, sendRet: true
2022-12-09 13:59:01.211  1730-2103  SGM:GameManager         pid-1730                             D  onLooperPrepared(), msg: MSG_APP_CREATE, pkgName: org.test.myapp, userId: 0
2022-12-09 13:59:01.212 13821-13821 nativeloader            org.test.myapp                       D  Configuring classloader-namespace for other apk /data/app/~~AuNI2UxH6dmXc1KRsuV9aA==/org.test.myapp-tNYslrw1fpyKY9k2d9ObfA==/base.apk. target_sdk_version=27, uses_libraries=, library_path=/data/app/~~AuNI2UxH6dmXc1KRsuV9aA==/org.test.myapp-tNYslrw1fpyKY9k2d9ObfA==/lib/arm64:/data/app/~~AuNI2UxH6dmXc1KRsuV9aA==/org.test.myapp-tNYslrw1fpyKY9k2d9ObfA==/base.apk!/lib/arm64-v8a, permitted_path=/data:/mnt/expand:/data/user/0/org.test.myapp
2022-12-09 13:59:01.212 13821-13821 nativeloader            org.test.myapp                       D  Extending system_exposed_libraries: libsce_v1.crypto.samsung.so:lib_vnd_client.dk.samsung.so:lib_native_client.dk.samsung.so:lib_nativeJni.dk.samsung.so:libknox_remotedesktopclient.knox.samsung.so:libss_jni.securestorage.samsung.so:libheifcapture_jni.media.samsung.so:libjpegsq.media.samsung.so:libsemimagecrop_jni.media.samsung.so:libvraudio_client.qti.so:libbinauralrenderer_wrapper.qti.so:libhoaeffects.qti.so:libSDKRecognitionText.spensdk.samsung.so:libSEF.quram.so:libimagecodec.quram.so:libagifencoder.quram.so:libSFEffect.fonteffect.samsung.so:libexifa.camera.samsung.so:libjpega.camera.samsung.so:libOpenCv.camera.samsung.so:libImageScreener.camera.samsung.so:libFacePreProcessing.camera.samsung.so:libHpr_RecGAE_cvFeature_v1.0.camera.samsung.so:libHprFace_GAE_api.camera.samsung.so:libHprFace_GAE_jni.camera.samsung.so:libObjectAndSceneClassification_2.5_OD.camera.samsung.so:libQREngine_common.camera.samsung.so:libInteractiveSegmentation.camera.samsung.so:libsmart_cropping.camera.samsung.so:libStride.camera.sam
2022-12-09 13:59:01.223  1730-6539  SGM:GameManager         pid-1730                             D    sendRunningComponentFocus(), pkgName: org.test.myapp, userId: 0
2022-12-09 13:59:01.224  1730-2103  SGM:GameManager         pid-1730                             D  onLooperPrepared(), msg: MSG_TASK_FOCUSED, pkgName: org.test.myapp, userId: 0
2022-12-09 13:59:01.224  1730-2103  SGM:GameManager         pid-1730                             D    handleTaskFocused(), pkgName: org.test.myapp, userID:0
2022-12-09 13:59:01.224  1730-2103  SGM:GameManager         pid-1730                             D    handleResume(). pkgName: org.test.myapp, userId: 0, isTunableApp: null
2022-12-09 13:59:01.224  1730-2103  SGM:GameManager         pid-1730                             D  notifyFocusInOut(). of pkg: org.test.myapp, type: 4, isMinimized: false, isTunableApp: false, userId: 0
2022-12-09 13:59:01.227 13821-13821 GraphicsEnvironment     org.test.myapp                       V  ANGLE Developer option for 'org.test.myapp' set to: 'default'
2022-12-09 13:59:01.228 13821-13821 GraphicsEnvironment     org.test.myapp                       V  Neither updatable production driver nor prerelease driver is supported.
2022-12-09 13:59:01.231 13821-13821 LoadedApk               org.test.myapp                       D  LoadedApk::makeApplication() appContext.mOpPackageName=org.test.myapp appContext.mBasePackageName=org.test.myapp
2022-12-09 13:59:01.231 13821-13821 NetworkSecurityConfig   org.test.myapp                       D  No Network Security Config specified, using platform default
2022-12-09 13:59:01.232  1730-10144 WindowManager           pid-1730                             V  Relayout Window{8289b1c u0 Splash Screen org.test.myapp}: viewVisibility=0 req=1200x2000 d0
2022-12-09 13:59:01.233  1191-1257  SurfaceFlinger          pid-1191                             I  id=5477 createSurf (1200x2000),-3 flag=40004, Splash Screen org.test.myapp$_4138#0
2022-12-09 13:59:01.234  1730-10144 WindowManager           pid-1730                             D  makeSurface duration=1 name=Splash Screen org.test.myapp$_4138
2022-12-09 13:59:01.238  1730-2102  ActivityManager         pid-1730                             V  Changed top to ProcessRecord{19f936d 13821:org.test.myapp/u0a294}
2022-12-09 13:59:01.247  1730-1910  SGM:GameManager         pid-1730                             D  noteResumeComponent(), received pkgName: org.test.myapp, userId: 0
2022-12-09 13:59:01.247  1730-2103  SGM:GameManager         pid-1730                             D  onLooperPrepared(), msg: MSG_APP_RESUME, pkgName: org.test.myapp, userid: 0
2022-12-09 13:59:01.247  1730-2103  SGM:GameManager         pid-1730                             D    handleResume(). pkgName: org.test.myapp, userId: 0, isTunableApp: null
2022-12-09 13:59:01.247  1730-2103  SGM:GameManager         pid-1730                             D  notifyFocusInOut(). of pkg: org.test.myapp, type: 4, isMinimized: false, isTunableApp: false, userId: 0
2022-12-09 13:59:01.251  1730-1910  GameSDK@LifeCycle       pid-1730                             I  noteResumeComponent(): package name  : org.test.myapp
2022-12-09 13:59:01.254 13821-13821 NetworkSecurityConfig   org.test.myapp                       D  No Network Security Config specified, using platform default
2022-12-09 13:59:01.254 13821-13821 ActivityThread          org.test.myapp                       D  handleBindApplication() --
2022-12-09 13:59:01.254  1730-2101  WindowManager           pid-1730                             D  finishDrawingWindow: Window{8289b1c u0 Splash Screen org.test.myapp} mDrawState=DRAW_PENDING
2022-12-09 13:59:01.255  1730-1910  SGM:GameManager         pid-1730                             D  identifyGamePackage. org.test.myapp, mCurrentUserId: 0, callerUserId: 0, callingMethodInfo: com.samsung.android.game.SemGameManager.isGamePackage(SemGameManager.java:104)
2022-12-09 13:59:01.255  1730-1910  SGM:PkgDataHelper       pid-1730                             D  getGamePkgData(). org.test.myapp
2022-12-09 13:59:01.255  1730-1910  SGM:SemGameManager      pid-1730                             D  isGamePackage(), pkgName=org.test.myapp, ret=false
2022-12-09 13:59:01.259  1730-1911  WindowManager           pid-1730                             D  createAnimationAdapter(): container=Task{6aef969 #460 type=standard A=10294:org.test.myapp U=0 visible=true mode=fullscreen translucent=false sz=1}
2022-12-09 13:59:01.261  1730-1911  WindowManager           pid-1730                             D  	Add container=Task{6aef969 #460 type=standard A=10294:org.test.myapp U=0 visible=true mode=fullscreen translucent=false sz=1}
2022-12-09 13:59:01.263 13821-13849 OpenGLRenderer          org.test.myapp                       D  RenderThread::requireGlContext()
2022-12-09 13:59:01.264 13821-13849 AdrenoGLES-0            org.test.myapp                       I  QUALCOMM build                   : 5eaa426211, I07ee46fc66
                                                                                                    Build Date                       : 10/08/21
                                                                                                    OpenGL ES Shader Compiler Version: EV031.32.02.16
                                                                                                    Local Branch                     : 
                                                                                                    Remote Branch                    : 
                                                                                                    Remote Branch                    : 
                                                                                                    Reconstruct Branch               : 
2022-12-09 13:59:01.264 13821-13849 AdrenoGLES-0            org.test.myapp                       I  Build Config                     : S P 10.0.7 AArch64
2022-12-09 13:59:01.264 13821-13849 AdrenoGLES-0            org.test.myapp                       I  Driver Path                      : /vendor/lib64/egl/libGLESv2_adreno.so
2022-12-09 13:59:01.268  1730-1911  WindowManager           pid-1730                             I  container=Task{6aef969 #460 type=standard A=10294:org.test.myapp U=0 visible=true mode=fullscreen translucent=false sz=1}
                                                                                                    Target:
                                                                                                      mode=0 taskId=460 isTranslucent=false clipRect=[0,0][0,0] contentInsets=[0,36][0,72] prefixOrderIndex=23 position=[0,0] sourceContainerBounds=[0,0][1200,2000] screenSpaceBounds=[0,0][1200,2000] localBounds=[0,0][1200,2000]
                                                                                                      windowConfiguration={ mBounds=Rect(0, 0 - 1200, 2000) mAppBounds=Rect(0, 0 - 1200, 1928) mMaxBounds=Rect(0, 0 - 1200, 2000) mWindowingMode=fullscreen mDisplayWindowingMode=fullscreen mActivityType=standard mAlwaysOnTop=undefined mRotation=ROTATION_0 mPopOver=undefined mFreeformTaskPinningState=unpinned}
                                                                                                      leash=Surface(name=Surface(name=Task=460)/@0x9712302 - animation-leash of app_transition)/@0x362b413
                                                                                                      taskInfo=TaskInfo{userId=0 taskId=460 displayId=0 isRunning=true baseIntent=Intent { act=android.intent.action.MAIN cat=[android.intent.category.LAUNCHER] flg=0x10200000 cmp=org.test.myapp/org.kivy.android.PythonActivity } baseActivity=ComponentInfo{org.test.myapp/org.kivy.android.PythonActivity} topActivity=ComponentInfo{org.test.myapp/org.kivy.android.PythonActivity} origActivity=null realActivity=ComponentInfo{org.test.myapp/org.kivy.android.PythonActivity} numActivities=1 lastActiveTime=700638344 supportsSplitScreenMultiWindow=true supportsMultiWindow=true resizeMode=1 isResizeable=true token=WCT{RemoteToken{8ec105a Task{6aef969 #460 type=standard A=10294:org.test.myapp U=0 visible=true mode=fullscreen translucent=false sz=1}}} topActivityType=1 pictureInPictureParams=PictureInPictureParams( aspectRatio=null sourceRectHint=null hasSetActions=false isAutoPipEnabled=false isSeamlessResizeEnabled=true) displayCutoutSafeInsets=null topActivityInfo=ActivityInfo{91a928b org.kivy.android.PythonActivity} launchCookies=[android.os.BinderProxy@b78ef68] positionInParent=Point(0, 0) parentTaskId=-1 isFocused=false isVisible=true topActivityInSizeCompat=false locusId= null topLaunchHome=false launchSplitWindowingMode=0 isPairTask=false pairedTaskIds=[] pairWindowingMode=0 pairDockSide=0 isAnimatingByRecent=false originallySupportedSplitScreen=true isAnimatingFreeformToFullscreen=false topActivityInFixedAspectRatio=false isTopTransparentActivity=true}
                                                                                                      windowType=-1container=Task{95e8f9d #1 type=home ?? U=0 visible=false mode=fullscreen translucent=true sz=1}
                                                                                                    Target:
                                                                                                      mode=1 taskId=335 isTranslucent=false clipRect=[0,0][0,0] contentInsets=[0,36][0,72] prefixOrderIndex=20 position=[0,0] sourceContainerBounds=[0,0][1200,2000] screenSpaceBounds=[0,0][1200,2000] localBounds=[0,0][1200,2000]
                                                                                                      windowConfiguration={ mBounds=Rect(0, 0 - 1200, 2000) mAppBounds=Rect(0, 0 - 1200, 1928) mMaxBounds=Rect(0, 0 - 1200, 2000) mWindowingMode=fullscreen mDisplayWindowingMode=fullscreen mActivityType=home mAlwaysOnTop=undefined mRotation=ROTATION_0 mPopOver=undefined mFreeformTaskPinningState=unpinned}
                                                                                                      leash=Surface(name=Surface(name=Task=1)/@0x6539c7 - animation-leash of app_transition)/@0x9af4c4d
2022-12-09 13:59:01.271 13821-13849 AdrenoGLES-0            org.test.myapp                       I  PFP: 0x016ee197, ME: 0x00000000
2022-12-09 13:59:01.273  5978-5978  Utils                   pid-5978                             I  HomePackage : com.sec.android.app.launcher, resumePackageName : org.test.myapp
2022-12-09 13:59:01.275  4138-4227  InsetsSourceConsumer    pid-4138                             D  ensureControlAlpha: for ITYPE_NAVIGATION_BAR on Splash Screen org.test.myapp
2022-12-09 13:59:01.275  1730-1910  SGM:GameManager         pid-1730                             D  identifyGamePackage. org.test.myapp, mCurrentUserId: 0, callerUserId: 0, callingMethodInfo: com.android.server.ssrm.fgapps.GameAppUtils.isGame(GameAppUtils.java:84)
2022-12-09 13:59:01.275  1730-1910  SGM:PkgDataHelper       pid-1730                             D  getGamePkgData(). org.test.myapp
2022-12-09 13:59:01.276  4138-4227  InsetsSourceConsumer    pid-4138                             D  ensureControlAlpha: for ITYPE_STATUS_BAR on Splash Screen org.test.myapp
2022-12-09 13:59:01.298 13821-13849 OpenGLRenderer          org.test.myapp                       D  RenderThread::setGrContext()
2022-12-09 13:59:01.299 13821-13821 PythonActivity          org.test.myapp                       V  PythonActivity onCreate running
2022-12-09 13:59:01.299 13821-13821 PythonActivity          org.test.myapp                       V  About to do super onCreate
2022-12-09 13:59:01.299 13821-13821 SDL                     org.test.myapp                       V  Device: gta4lwifi
2022-12-09 13:59:01.299 13821-13821 SDL                     org.test.myapp                       V  Model: SM-T500
2022-12-09 13:59:01.299 13821-13821 SDL                     org.test.myapp                       V  onCreate()
2022-12-09 13:59:01.299 13821-13821 PythonActivity          org.test.myapp                       V  Did super onCreate
2022-12-09 13:59:01.300 13821-13821 SDL                     org.test.myapp                       V  getting identifier
2022-12-09 13:59:01.300 13821-13821 SDL                     org.test.myapp                       V  kind is layout and name lottie
2022-12-09 13:59:01.300 13821-13821 SDL                     org.test.myapp                       V  result is 0
2022-12-09 13:59:01.300 13821-13821 org.test.myapp          org.test.myapp                       E  Invalid ID 0x00000000.
2022-12-09 13:59:01.300 13821-13821 SDL                     org.test.myapp                       V  couldn't find lottie layout or animation, trying static splash
2022-12-09 13:59:01.300 13821-13821 SDL                     org.test.myapp                       V  getting identifier
2022-12-09 13:59:01.300 13821-13821 SDL                     org.test.myapp                       V  kind is drawable and name presplash
2022-12-09 13:59:01.300 13821-13821 SDL                     org.test.myapp                       V  result is 2130771969
2022-12-09 13:59:01.308 13821-13821 SDL                     org.test.myapp                       V  asked to get string presplash_color
2022-12-09 13:59:01.308 13821-13821 SDL                     org.test.myapp                       V  getting identifier
2022-12-09 13:59:01.308 13821-13821 SDL                     org.test.myapp                       V  kind is string and name presplash_color
2022-12-09 13:59:01.308 13821-13821 SDL                     org.test.myapp                       V  result is 2131034113
2022-12-09 13:59:01.318 13821-13821 DecorView               org.test.myapp                       I  [INFO] isPopOver=false, config=true
2022-12-09 13:59:01.318 13821-13821 DecorView               org.test.myapp                       I  updateCaptionType >> DecorView@f946cbc[], isFloating=false, isApplication=true, hasWindowControllerCallback=true, hasWindowDecorCaption=false
2022-12-09 13:59:01.318 13821-13821 DecorView               org.test.myapp                       D  setCaptionType = 0, this = DecorView@f946cbc[]
2022-12-09 13:59:01.322 13821-13821 DecorView               org.test.myapp                       I  getCurrentDensityDpi: from real metrics. densityDpi=240 msg=resources_loaded
2022-12-09 13:59:01.324 13821-13851 PythonActivity          org.test.myapp                       V  Ready to unpack
2022-12-09 13:59:01.325 13821-13851 pythonutil              org.test.myapp                       V  Unpacking private app
2022-12-09 13:59:01.326 13821-13851 pythonutil              org.test.myapp                       V  Data version is 369eb98daa145c1ab53fd8aef33d144f717548b1
2022-12-09 13:59:01.326 13821-13851 pythonutil              org.test.myapp                       V  Unpacking /data/app/~~AuNI2UxH6dmXc1KRsuV9aA==/org.test.myapp-tNYslrw1fpyKY9k2d9ObfA==/lib/arm64/libpybundle app
2022-12-09 13:59:01.326 13821-13851 pythonutil              org.test.myapp                       V  Data version is 369eb98daa145c1ab53fd8aef33d144f717548b1
2022-12-09 13:59:01.327 13821-13821 PythonActivity          org.test.myapp                       V  onResume()
2022-12-09 13:59:01.327 13821-13821 SDL                     org.test.myapp                       V  onResume()
2022-12-09 13:59:01.331  1191-1191  SurfaceFlinger          pid-1191                             D  Display 4630946858896095617 HWC layers:
                                                                                                         CLIENT | 0xb400007628a87930 | 0100 | RGBx_8888    |  400.0    0.0 1600.0 2000.0 |    0    0 1200 2000 | Wallpaper BBQ wrapper#0
                                                                                                         CLIENT | 0xb400007610b5cfc0 | 0100 | RGBA_8888    |    0.0    0.0 1200.0 2000.0 |    0    0 1200 2000 | com.sec.android.app.launcher/com.sec[...].activities.LauncherActivity$_4687#0
                                                                                                         CLIENT | 0xb400007628a8a9c0 | 0100 | RGBA_8888    |    0.0  372.0 1200.0 1572.0 |  254  866  384  996 | Splash Screen org.test.myapp$_4138#0
                                                                                                         CLIENT | 0xb400007611578d40 | 0100 | RGBA_8888    |    0.0    0.0 1200.0   36.0 |    0    0 1200   36 | StatusBar$_4138#0
                                                                                                         CLIENT | 0xb400007610b5e370 | 0100 | RGBA_8888    |    0.0    0.0   67.0  191.0 | 1133  495 1200  686 | com.samsung.android.app.cocktailbars[...]arservice.CocktailBarService$_5978#0
                                                                                                         CLIENT | 0xb400007628a87fc0 | 0100 | RGBA_8888    |    0.0    0.0 1200.0   72.0 |    0 1928 1200 2000 | NavigationBar0$_4138#0
                                                                                                         CLIENT | 0xb400007610b5e840 | 0100 | RGBA_8888    |    0.0    0.0 
2022-12-09 13:59:01.341  1191-2100  SurfaceFlinger          pid-1191                             I  id=5483 createSurf (0x0),-1 flag=80004, 5084380 org.test.myapp/org.kivy.android.PythonActivity#0
2022-12-09 13:59:01.344 13821-13821 ViewRootIm...nActivity] org.test.myapp                       I  setView = com.android.internal.policy.DecorView@f946cbc TM=true
2022-12-09 13:59:01.350 13821-13821 pythonutil              org.test.myapp                       V  Checking pattern libsqlite3\.so against libSDL2.so
2022-12-09 13:59:01.350 13821-13821 pythonutil              org.test.myapp                       V  Checking pattern libsqlite3\.so against libSDL2_ttf.so
2022-12-09 13:59:01.350 13821-13821 pythonutil              org.test.myapp                       V  Checking pattern libsqlite3\.so against libpython3.9.so
2022-12-09 13:59:01.350 13821-13821 pythonutil              org.test.myapp                       V  Checking pattern libsqlite3\.so against libssl1.1.so
2022-12-09 13:59:01.350 13821-13821 pythonutil              org.test.myapp                       V  Checking pattern libsqlite3\.so against libpng16.so
2022-12-09 13:59:01.350 13821-13821 pythonutil              org.test.myapp                       V  Checking pattern libsqlite3\.so against libfreetype.so
2022-12-09 13:59:01.351 13821-13821 pythonutil              org.test.myapp                       V  Checking pattern libsqlite3\.so against libmain.so
2022-12-09 13:59:01.351 13821-13821 pythonutil              org.test.myapp                       V  Checking pattern libsqlite3\.so against libcrypto1.1.so
2022-12-09 13:59:01.351 13821-13821 pythonutil              org.test.myapp                       V  Checking pattern libsqlite3\.so against libffi.so
2022-12-09 13:59:01.351 13821-13821 pythonutil              org.test.myapp                       V  Checking pattern libsqlite3\.so against libSDL2_image.so
2022-12-09 13:59:01.351 13821-13821 pythonutil              org.test.myapp                       V  Checking pattern libsqlite3\.so against libhidapi.so
2022-12-09 13:59:01.351 13821-13821 pythonutil              org.test.myapp                       V  Checking pattern libsqlite3\.so against libSDL2_mixer.so
2022-12-09 13:59:01.351 13821-13821 pythonutil              org.test.myapp                       V  Checking pattern libsqlite3\.so against libpybundle.so
2022-12-09 13:59:01.351 13821-13821 pythonutil              org.test.myapp                       V  Checking pattern libsqlite3\.so against libsqlite3.so
2022-12-09 13:59:01.351 13821-13821 pythonutil              org.test.myapp                       V  Pattern libsqlite3\.so matched file libsqlite3.so
2022-12-09 13:59:01.351 13821-13821 pythonutil              org.test.myapp                       V  Checking pattern libffi\.so against libSDL2.so
2022-12-09 13:59:01.351 13821-13821 pythonutil              org.test.myapp                       V  Checking pattern libffi\.so against libSDL2_ttf.so
2022-12-09 13:59:01.351 13821-13821 pythonutil              org.test.myapp                       V  Checking pattern libffi\.so against libpython3.9.so
2022-12-09 13:59:01.351 13821-13821 pythonutil              org.test.myapp                       V  Checking pattern libffi\.so against libssl1.1.so
2022-12-09 13:59:01.351 13821-13821 pythonutil              org.test.myapp                       V  Checking pattern libffi\.so against libpng16.so
2022-12-09 13:59:01.352 13821-13821 pythonutil              org.test.myapp                       V  Checking pattern libffi\.so against libfreetype.so
2022-12-09 13:59:01.352 13821-13821 pythonutil              org.test.myapp                       V  Checking pattern libffi\.so against libmain.so
2022-12-09 13:59:01.352 13821-13821 pythonutil              org.test.myapp                       V  Checking pattern libffi\.so against libcrypto1.1.so
2022-12-09 13:59:01.352 13821-13821 pythonutil              org.test.myapp                       V  Checking pattern libffi\.so against libffi.so
2022-12-09 13:59:01.352 13821-13821 pythonutil              org.test.myapp                       V  Pattern libffi\.so matched file libffi.so
2022-12-09 13:59:01.352 13821-13821 pythonutil              org.test.myapp                       V  Checking pattern libffi\.so against libSDL2_image.so
2022-12-09 13:59:01.352 13821-13821 pythonutil              org.test.myapp                       V  Checking pattern libffi\.so against libhidapi.so
2022-12-09 13:59:01.352 13821-13821 pythonutil              org.test.myapp                       V  Checking pattern libffi\.so against libSDL2_mixer.so
2022-12-09 13:59:01.352 13821-13821 pythonutil              org.test.myapp                       V  Checking pattern libffi\.so against libpybundle.so
2022-12-09 13:59:01.352 13821-13821 pythonutil              org.test.myapp                       V  Checking pattern libffi\.so against libsqlite3.so
2022-12-09 13:59:01.352 13821-13821 pythonutil              org.test.myapp                       V  Checking pattern libpng16\.so against libSDL2.so
2022-12-09 13:59:01.352 13821-13821 pythonutil              org.test.myapp                       V  Checking pattern libpng16\.so against libSDL2_ttf.so
2022-12-09 13:59:01.353 13821-13821 pythonutil              org.test.myapp                       V  Checking pattern libpng16\.so against libpython3.9.so
2022-12-09 13:59:01.353 13821-13821 pythonutil              org.test.myapp                       V  Checking pattern libpng16\.so against libssl1.1.so
2022-12-09 13:59:01.353 13821-13821 pythonutil              org.test.myapp                       V  Checking pattern libpng16\.so against libpng16.so
2022-12-09 13:59:01.353 13821-13821 pythonutil              org.test.myapp                       V  Pattern libpng16\.so matched file libpng16.so
2022-12-09 13:59:01.353 13821-13821 pythonutil              org.test.myapp                       V  Checking pattern libpng16\.so against libfreetype.so
2022-12-09 13:59:01.353 13821-13821 pythonutil              org.test.myapp                       V  Checking pattern libpng16\.so against libmain.so
2022-12-09 13:59:01.353 13821-13821 pythonutil              org.test.myapp                       V  Checking pattern libpng16\.so against libcrypto1.1.so
2022-12-09 13:59:01.353 13821-13821 pythonutil              org.test.myapp                       V  Checking pattern libpng16\.so against libffi.so
2022-12-09 13:59:01.353 13821-13821 pythonutil              org.test.myapp                       V  Checking pattern libpng16\.so against libSDL2_image.so
2022-12-09 13:59:01.353 13821-13821 pythonutil              org.test.myapp                       V  Checking pattern libpng16\.so against libhidapi.so
2022-12-09 13:59:01.353 13821-13821 pythonutil              org.test.myapp                       V  Checking pattern libpng16\.so against libSDL2_mixer.so
2022-12-09 13:59:01.353 13821-13821 pythonutil              org.test.myapp                       V  Checking pattern libpng16\.so against libpybundle.so
2022-12-09 13:59:01.353 13821-13821 pythonutil              org.test.myapp                       V  Checking pattern libpng16\.so against libsqlite3.so
2022-12-09 13:59:01.353 13821-13821 pythonutil              org.test.myapp                       V  Checking pattern libssl.*\.so against libSDL2.so
2022-12-09 13:59:01.354 13821-13821 pythonutil              org.test.myapp                       V  Checking pattern libssl.*\.so against libSDL2_ttf.so
2022-12-09 13:59:01.354 13821-13821 pythonutil              org.test.myapp                       V  Checking pattern libssl.*\.so against libpython3.9.so
2022-12-09 13:59:01.354 13821-13821 pythonutil              org.test.myapp                       V  Checking pattern libssl.*\.so against libssl1.1.so
2022-12-09 13:59:01.354 13821-13821 pythonutil              org.test.myapp                       V  Pattern libssl.*\.so matched file libssl1.1.so
2022-12-09 13:59:01.354 13821-13821 pythonutil              org.test.myapp                       V  Checking pattern libssl.*\.so against libpng16.so
2022-12-09 13:59:01.354 13821-13821 pythonutil              org.test.myapp                       V  Checking pattern libssl.*\.so against libfreetype.so
2022-12-09 13:59:01.354 13821-13821 pythonutil              org.test.myapp                       V  Checking pattern libssl.*\.so against libmain.so
2022-12-09 13:59:01.354 13821-13821 pythonutil              org.test.myapp                       V  Checking pattern libssl.*\.so against libcrypto1.1.so
2022-12-09 13:59:01.354 13821-13821 pythonutil              org.test.myapp                       V  Checking pattern libssl.*\.so against libffi.so
2022-12-09 13:59:01.354 13821-13821 pythonutil              org.test.myapp                       V  Checking pattern libssl.*\.so against libSDL2_image.so
2022-12-09 13:59:01.354 13821-13821 pythonutil              org.test.myapp                       V  Checking pattern libssl.*\.so against libhidapi.so
2022-12-09 13:59:01.354 13821-13821 pythonutil              org.test.myapp                       V  Checking pattern libssl.*\.so against libSDL2_mixer.so
2022-12-09 13:59:01.354 13821-13821 pythonutil              org.test.myapp                       V  Checking pattern libssl.*\.so against libpybundle.so
2022-12-09 13:59:01.354 13821-13821 pythonutil              org.test.myapp                       V  Checking pattern libssl.*\.so against libsqlite3.so
2022-12-09 13:59:01.354 13821-13821 pythonutil              org.test.myapp                       V  Checking pattern libcrypto.*\.so against libSDL2.so
2022-12-09 13:59:01.354 13821-13821 pythonutil              org.test.myapp                       V  Checking pattern libcrypto.*\.so against libSDL2_ttf.so
2022-12-09 13:59:01.355 13821-13821 pythonutil              org.test.myapp                       V  Checking pattern libcrypto.*\.so against libpython3.9.so
2022-12-09 13:59:01.355 13821-13821 pythonutil              org.test.myapp                       V  Checking pattern libcrypto.*\.so against libssl1.1.so
2022-12-09 13:59:01.355 13821-13821 pythonutil              org.test.myapp                       V  Checking pattern libcrypto.*\.so against libpng16.so
2022-12-09 13:59:01.355 13821-13821 pythonutil              org.test.myapp                       V  Checking pattern libcrypto.*\.so against libfreetype.so
2022-12-09 13:59:01.355 13821-13821 pythonutil              org.test.myapp                       V  Checking pattern libcrypto.*\.so against libmain.so
2022-12-09 13:59:01.355 13821-13821 pythonutil              org.test.myapp                       V  Checking pattern libcrypto.*\.so against libcrypto1.1.so
2022-12-09 13:59:01.355 13821-13821 pythonutil              org.test.myapp                       V  Pattern libcrypto.*\.so matched file libcrypto1.1.so
2022-12-09 13:59:01.355 13821-13821 pythonutil              org.test.myapp                       V  Checking pattern libcrypto.*\.so against libffi.so
2022-12-09 13:59:01.355 13821-13821 pythonutil              org.test.myapp                       V  Checking pattern libcrypto.*\.so against libSDL2_image.so
2022-12-09 13:59:01.355 13821-13821 pythonutil              org.test.myapp                       V  Checking pattern libcrypto.*\.so against libhidapi.so
2022-12-09 13:59:01.355 13821-13821 pythonutil              org.test.myapp                       V  Checking pattern libcrypto.*\.so against libSDL2_mixer.so
2022-12-09 13:59:01.355 13821-13821 pythonutil              org.test.myapp                       V  Checking pattern libcrypto.*\.so against libpybundle.so
2022-12-09 13:59:01.355 13821-13821 pythonutil              org.test.myapp                       V  Checking pattern libcrypto.*\.so against libsqlite3.so
2022-12-09 13:59:01.356 13821-13821 pythonutil              org.test.myapp                       V  Checking pattern libSDL2\.so against libSDL2.so
2022-12-09 13:59:01.356 13821-13821 pythonutil              org.test.myapp                       V  Pattern libSDL2\.so matched file libSDL2.so
2022-12-09 13:59:01.356 13821-13821 pythonutil              org.test.myapp                       V  Checking pattern libSDL2\.so against libSDL2_ttf.so
2022-12-09 13:59:01.356 13821-13821 pythonutil              org.test.myapp                       V  Checking pattern libSDL2\.so against libpython3.9.so
2022-12-09 13:59:01.356 13821-13821 pythonutil              org.test.myapp                       V  Checking pattern libSDL2\.so against libssl1.1.so
2022-12-09 13:59:01.356 13821-13821 pythonutil              org.test.myapp                       V  Checking pattern libSDL2\.so against libpng16.so
2022-12-09 13:59:01.356 13821-13821 pythonutil              org.test.myapp                       V  Checking pattern libSDL2\.so against libfreetype.so
2022-12-09 13:59:01.356 13821-13821 pythonutil              org.test.myapp                       V  Checking pattern libSDL2\.so against libmain.so
2022-12-09 13:59:01.356 13821-13821 pythonutil              org.test.myapp                       V  Checking pattern libSDL2\.so against libcrypto1.1.so
2022-12-09 13:59:01.356 13821-13821 pythonutil              org.test.myapp                       V  Checking pattern libSDL2\.so against libffi.so
2022-12-09 13:59:01.356 13821-13821 pythonutil              org.test.myapp                       V  Checking pattern libSDL2\.so against libSDL2_image.so
2022-12-09 13:59:01.356 13821-13821 pythonutil              org.test.myapp                       V  Checking pattern libSDL2\.so against libhidapi.so
2022-12-09 13:59:01.356 13821-13821 pythonutil              org.test.myapp                       V  Checking pattern libSDL2\.so against libSDL2_mixer.so
2022-12-09 13:59:01.356 13821-13821 pythonutil              org.test.myapp                       V  Checking pattern libSDL2\.so against libpybundle.so
2022-12-09 13:59:01.356 13821-13821 pythonutil              org.test.myapp                       V  Checking pattern libSDL2\.so against libsqlite3.so
2022-12-09 13:59:01.357 13821-13821 pythonutil              org.test.myapp                       V  Checking pattern libSDL2_image\.so against libSDL2.so
2022-12-09 13:59:01.357 13821-13821 pythonutil              org.test.myapp                       V  Checking pattern libSDL2_image\.so against libSDL2_ttf.so
2022-12-09 13:59:01.357 13821-13821 pythonutil              org.test.myapp                       V  Checking pattern libSDL2_image\.so against libpython3.9.so
2022-12-09 13:59:01.357 13821-13821 pythonutil              org.test.myapp                       V  Checking pattern libSDL2_image\.so against libssl1.1.so
2022-12-09 13:59:01.357 13821-13821 pythonutil              org.test.myapp                       V  Checking pattern libSDL2_image\.so against libpng16.so
2022-12-09 13:59:01.357 13821-13821 pythonutil              org.test.myapp                       V  Checking pattern libSDL2_image\.so against libfreetype.so
2022-12-09 13:59:01.357 13821-13821 pythonutil              org.test.myapp                       V  Checking pattern libSDL2_image\.so against libmain.so
2022-12-09 13:59:01.357 13821-13821 pythonutil              org.test.myapp                       V  Checking pattern libSDL2_image\.so against libcrypto1.1.so
2022-12-09 13:59:01.357 13821-13821 pythonutil              org.test.myapp                       V  Checking pattern libSDL2_image\.so against libffi.so
2022-12-09 13:59:01.357 13821-13821 pythonutil              org.test.myapp                       V  Checking pattern libSDL2_image\.so against libSDL2_image.so
2022-12-09 13:59:01.357 13821-13821 pythonutil              org.test.myapp                       V  Pattern libSDL2_image\.so matched file libSDL2_image.so
2022-12-09 13:59:01.357 13821-13821 pythonutil              org.test.myapp                       V  Checking pattern libSDL2_image\.so against libhidapi.so
2022-12-09 13:59:01.357 13821-13821 pythonutil              org.test.myapp                       V  Checking pattern libSDL2_image\.so against libSDL2_mixer.so
2022-12-09 13:59:01.357 13821-13821 pythonutil              org.test.myapp                       V  Checking pattern libSDL2_image\.so against libpybundle.so
2022-12-09 13:59:01.357 13821-13821 pythonutil              org.test.myapp                       V  Checking pattern libSDL2_image\.so against libsqlite3.so
2022-12-09 13:59:01.358 13821-13821 pythonutil              org.test.myapp                       V  Checking pattern libSDL2_mixer\.so against libSDL2.so
2022-12-09 13:59:01.358 13821-13821 pythonutil              org.test.myapp                       V  Checking pattern libSDL2_mixer\.so against libSDL2_ttf.so
2022-12-09 13:59:01.358 13821-13821 pythonutil              org.test.myapp                       V  Checking pattern libSDL2_mixer\.so against libpython3.9.so
2022-12-09 13:59:01.358 13821-13821 pythonutil              org.test.myapp                       V  Checking pattern libSDL2_mixer\.so against libssl1.1.so
2022-12-09 13:59:01.358 13821-13821 pythonutil              org.test.myapp                       V  Checking pattern libSDL2_mixer\.so against libpng16.so
2022-12-09 13:59:01.358 13821-13821 pythonutil              org.test.myapp                       V  Checking pattern libSDL2_mixer\.so against libfreetype.so
2022-12-09 13:59:01.358 13821-13821 pythonutil              org.test.myapp                       V  Checking pattern libSDL2_mixer\.so against libmain.so
2022-12-09 13:59:01.358 13821-13821 pythonutil              org.test.myapp                       V  Checking pattern libSDL2_mixer\.so against libcrypto1.1.so
2022-12-09 13:59:01.358 13821-13821 pythonutil              org.test.myapp                       V  Checking pattern libSDL2_mixer\.so against libffi.so
2022-12-09 13:59:01.358 13821-13821 pythonutil              org.test.myapp                       V  Checking pattern libSDL2_mixer\.so against libSDL2_image.so
2022-12-09 13:59:01.358 13821-13821 pythonutil              org.test.myapp                       V  Checking pattern libSDL2_mixer\.so against libhidapi.so
2022-12-09 13:59:01.358 13821-13821 pythonutil              org.test.myapp                       V  Checking pattern libSDL2_mixer\.so against libSDL2_mixer.so
2022-12-09 13:59:01.358 13821-13821 pythonutil              org.test.myapp                       V  Pattern libSDL2_mixer\.so matched file libSDL2_mixer.so
2022-12-09 13:59:01.358 13821-13821 pythonutil              org.test.myapp                       V  Checking pattern libSDL2_mixer\.so against libpybundle.so
2022-12-09 13:59:01.358 13821-13821 pythonutil              org.test.myapp                       V  Checking pattern libSDL2_mixer\.so against libsqlite3.so
2022-12-09 13:59:01.359 13821-13821 pythonutil              org.test.myapp                       V  Checking pattern libSDL2_ttf\.so against libSDL2.so
2022-12-09 13:59:01.359 13821-13821 pythonutil              org.test.myapp                       V  Checking pattern libSDL2_ttf\.so against libSDL2_ttf.so
2022-12-09 13:59:01.359 13821-13821 pythonutil              org.test.myapp                       V  Pattern libSDL2_ttf\.so matched file libSDL2_ttf.so
2022-12-09 13:59:01.359 13821-13821 pythonutil              org.test.myapp                       V  Checking pattern libSDL2_ttf\.so against libpython3.9.so
2022-12-09 13:59:01.359 13821-13821 pythonutil              org.test.myapp                       V  Checking pattern libSDL2_ttf\.so against libssl1.1.so
