2022-12-09 13:59:01.359 13821-13821 pythonutil              org.test.myapp                       V  Checking pattern libSDL2_ttf\.so against libpng16.so
2022-12-09 13:59:01.359 13821-13821 pythonutil              org.test.myapp                       V  Checking pattern libSDL2_ttf\.so against libfreetype.so
2022-12-09 13:59:01.359 13821-13821 pythonutil              org.test.myapp                       V  Checking pattern libSDL2_ttf\.so against libmain.so
2022-12-09 13:59:01.359 13821-13821 pythonutil              org.test.myapp                       V  Checking pattern libSDL2_ttf\.so against libcrypto1.1.so
2022-12-09 13:59:01.359 13821-13821 pythonutil              org.test.myapp                       V  Checking pattern libSDL2_ttf\.so against libffi.so
2022-12-09 13:59:01.359 13821-13821 pythonutil              org.test.myapp                       V  Checking pattern libSDL2_ttf\.so against libSDL2_image.so
2022-12-09 13:59:01.359 13821-13821 pythonutil              org.test.myapp                       V  Checking pattern libSDL2_ttf\.so against libhidapi.so
2022-12-09 13:59:01.359 13821-13821 pythonutil              org.test.myapp                       V  Checking pattern libSDL2_ttf\.so against libSDL2_mixer.so
2022-12-09 13:59:01.359 13821-13821 pythonutil              org.test.myapp                       V  Checking pattern libSDL2_ttf\.so against libpybundle.so
2022-12-09 13:59:01.359 13821-13821 pythonutil              org.test.myapp                       V  Checking pattern libSDL2_ttf\.so against libsqlite3.so
2022-12-09 13:59:01.359 13821-13821 pythonutil              org.test.myapp                       V  Loading library: sqlite3
2022-12-09 13:59:01.360 13821-13821 pythonutil              org.test.myapp                       V  Loading library: ffi
2022-12-09 13:59:01.361 13821-13821 pythonutil              org.test.myapp                       V  Loading library: png16
2022-12-09 13:59:01.362 13821-13821 pythonutil              org.test.myapp                       V  Loading library: ssl1.1
2022-12-09 13:59:01.363 13821-13821 pythonutil              org.test.myapp                       V  Loading library: crypto1.1
2022-12-09 13:59:01.364 13821-13821 pythonutil              org.test.myapp                       V  Loading library: SDL2
2022-12-09 13:59:01.366 13821-13821 pythonutil              org.test.myapp                       V  Loading library: SDL2_image
2022-12-09 13:59:01.368 13821-13821 pythonutil              org.test.myapp                       V  Loading library: SDL2_mixer
2022-12-09 13:59:01.369 13821-13821 pythonutil              org.test.myapp                       V  Loading library: SDL2_ttf
2022-12-09 13:59:01.369 13821-13821 pythonutil              org.test.myapp                       V  Loading library: python3.5m
2022-12-09 13:59:01.371 13821-13821 pythonutil              org.test.myapp                       V  Library loading error: dlopen failed: library "libpython3.5m.so" not found
2022-12-09 13:59:01.371 13821-13821 pythonutil              org.test.myapp                       V  Loading library: python3.6m
2022-12-09 13:59:01.372 13821-13821 pythonutil              org.test.myapp                       V  Library loading error: dlopen failed: library "libpython3.6m.so" not found
2022-12-09 13:59:01.372 13821-13821 pythonutil              org.test.myapp                       V  Loading library: python3.7m
2022-12-09 13:59:01.373 13821-13821 pythonutil              org.test.myapp                       V  Library loading error: dlopen failed: library "libpython3.7m.so" not found
2022-12-09 13:59:01.373 13821-13821 pythonutil              org.test.myapp                       V  Loading library: python3.8
2022-12-09 13:59:01.374 13821-13821 pythonutil              org.test.myapp                       V  Library loading error: dlopen failed: library "libpython3.8.so" not found
2022-12-09 13:59:01.374 13821-13821 pythonutil              org.test.myapp                       V  Loading library: python3.9
2022-12-09 13:59:01.375 13821-13821 pythonutil              org.test.myapp                       V  Loading library: main
2022-12-09 13:59:01.376 13821-13821 pythonutil              org.test.myapp                       V  Loaded everything!
2022-12-09 13:59:01.377 13821-13821 SDL                     org.test.myapp                       V  nativeSetupJNI()
2022-12-09 13:59:01.377  1730-4277  MdnieScena...rolService pid-1730                             D   packageName : org.test.myapp    className : org.kivy.android.PythonActivity
2022-12-09 13:59:01.377 13821-13821 SDL                     org.test.myapp                       V  AUDIO nativeSetupJNI()
2022-12-09 13:59:01.378 13821-13821 SDL                     org.test.myapp                       V  CONTROLLER nativeSetupJNI()
2022-12-09 13:59:01.387 13821-13821 hidapi                  org.test.myapp                       D  Initializing Bluetooth
2022-12-09 13:59:01.387 13821-13821 hidapi                  org.test.myapp                       D  Couldn't initialize Bluetooth, missing android.permission.BLUETOOTH
2022-12-09 13:59:01.398 13821-13821 PythonActivity          org.test.myapp                       V  Setting env vars for start.c and Python to use
2022-12-09 13:59:01.399 13821-13821 PythonActivity          org.test.myapp                       V  Access to our meta-data...
2022-12-09 13:59:01.400 13821-13821 PythonActivity          org.test.myapp                       I  Surface will NOT be transparent
2022-12-09 13:59:01.400 13821-13821 PythonActivity          org.test.myapp                       V  onResume()
2022-12-09 13:59:01.400 13821-13821 SDL                     org.test.myapp                       V  onResume()
2022-12-09 13:59:01.405 13821-13821 SurfaceView@42945f9     org.test.myapp                       I  onWindowVisibilityChanged(0) true org.libsdl.app.SDLSurface{42945f9 VFE...... .F....I. 0,0-0,0} of ViewRootImpl@8d95fc1[PythonActivity]
2022-12-09 13:59:01.407 13821-13821 DecorView               org.test.myapp                       I  notifyKeepScreenOnChanged: keepScreenOn=false
2022-12-09 13:59:01.408  1730-4276  WindowManager           pid-1730                             V  Relayout Window{5084380 u0 org.test.myapp/org.kivy.android.PythonActivity}: viewVisibility=0 req=1200x2000 d0
2022-12-09 13:59:01.409  1191-1255  SurfaceFlinger          pid-1191                             I  id=5484 createSurf (1x1),-3 flag=40004, org.test.myapp/org.kivy.android.PythonActivity$_13821#0
2022-12-09 13:59:01.409  1730-4276  WindowManager           pid-1730                             D  makeSurface duration=1 name=org.test.myapp/org.kivy.android.PythonActivity$_13821
2022-12-09 13:59:01.413  1730-4276  WindowManager           pid-1730                             V  Changing focus from null to Window{5084380 u0 org.test.myapp/org.kivy.android.PythonActivity} displayId=0 Callers=com.android.server.wm.RootWindowContainer.updateFocusedWindowLocked:583 com.android.server.wm.WindowManagerService.updateFocusedWindowLocked:6496 com.android.server.wm.WindowManagerService.relayoutWindow:2769 com.android.server.wm.Session.relayout:242 
2022-12-09 13:59:01.413  1730-4276  MARsPolicyManager       pid-1730                             D  onPackageResumedFG pkgName = org.test.myapp, userId = 0
2022-12-09 13:59:01.422 13821-13821 ViewRootIm...nActivity] org.test.myapp                       I  Relayout returned: old=(0,0,1200,2000) new=(0,0,1200,2000) req=(1200,2000)0 dur=12 res=0x7 s={true 483487666176} ch=true fn=-1
2022-12-09 13:59:01.424 13821-13821 SurfaceView@42945f9     org.test.myapp                       I  windowStopped(false) true org.libsdl.app.SDLSurface{42945f9 VFE...... .F....ID 0,0-1200,1892} of ViewRootImpl@8d95fc1[PythonActivity]
2022-12-09 13:59:01.424 13821-13821 ViewRootIm...nActivity] org.test.myapp                       I  [DP] dp(1) 1 android.view.ViewRootImpl.reportNextDraw:11410 android.view.ViewRootImpl.performTraversals:4185 android.view.ViewRootImpl.doTraversal:2911 
2022-12-09 13:59:01.430  1191-2120  SurfaceFlinger          pid-1191                             I  id=5487 createSurf (0x0),-1 flag=20004, Bounds for - org.test.myapp/org.kivy.android.PythonActivity@0#0
2022-12-09 13:59:01.430 13821-13849 hw-ProcessState         org.test.myapp                       D  Binder ioctl to enable oneway spam detection failed: Invalid argument
2022-12-09 13:59:01.431 13821-13849 OpenGLRenderer          org.test.myapp                       D  eglCreateWindowSurface
2022-12-09 13:59:01.431  1191-2120  SurfaceFlinger          pid-1191                             I  id=5488 createSurf (0x0),-1 flag=80004, SurfaceView - org.test.myapp/org.kivy.android.PythonActivity@42945f9@0#0
2022-12-09 13:59:01.432  1191-2120  SurfaceFlinger          pid-1191                             I  id=5489 createSurf (0x0),-1 flag=40400, SurfaceView - org.test.myapp/org.kivy.android.PythonActivity@42945f9@0(BLAST)#0
2022-12-09 13:59:01.434  1191-1257  SurfaceFlinger          pid-1191                             I  id=5490 createSurf (0x0),-1 flag=20404, Background for SurfaceView - org.test.myapp/org.kivy.android.PythonActivity@42945f9@0#0
2022-12-09 13:59:01.435 13821-13821 SurfaceView@42945f9     org.test.myapp                       I  pST: sr = Rect(0, 36 - 1200, 1928) sw = 1200 sh = 1892
2022-12-09 13:59:01.435 13821-13821 SurfaceView@42945f9     org.test.myapp                       I  onSSPAndSRT: pl = 0 pt = 36 sx = 1.0 sy = 1.0
2022-12-09 13:59:01.435 13821-13821 SurfaceView@42945f9     org.test.myapp                       I  pST: mTmpTransaction.apply, mTmpTransaction = android.view.SurfaceControl$Transaction@22a7cec
2022-12-09 13:59:01.436 13821-13821 SurfaceView@42945f9     org.test.myapp                       I  updateSurface: mVisible = true mSurface.isValid() = true
2022-12-09 13:59:01.436 13821-13821 SurfaceView@42945f9     org.test.myapp                       I  updateSurface: mSurfaceCreated = false surfaceChanged = true visibleChanged = true
2022-12-09 13:59:01.436 13821-13821 SurfaceView@42945f9     org.test.myapp                       I  surfaceCreated 1 #8 org.libsdl.app.SDLSurface{42945f9 VFE...... .F....ID 0,0-1200,1892}
2022-12-09 13:59:01.436 13821-13821 SDL                     org.test.myapp                       V  surfaceCreated()
2022-12-09 13:59:01.436 13821-13821 SurfaceView@42945f9     org.test.myapp                       I  surfaceChanged (1200,1892) 1 #8 org.libsdl.app.SDLSurface{42945f9 VFE...... .F....ID 0,0-1200,1892}
2022-12-09 13:59:01.436 13821-13821 SDL                     org.test.myapp                       V  surfaceChanged()
2022-12-09 13:59:01.436 13821-13821 SDL                     org.test.myapp                       V  pixel format RGB_565
2022-12-09 13:59:01.437 13821-13821 SDL                     org.test.myapp                       V  Window size: 1200x1892
2022-12-09 13:59:01.437 13821-13821 SDL                     org.test.myapp                       V  Device size: 1200x2000
2022-12-09 13:59:01.440 13821-13821 SensorManager           org.test.myapp                       D  registerListener :: 11, bmi26x Accelerometer Non-wakeup, 20000, 0, 
2022-12-09 13:59:01.440 13821-13821 SDL                     org.test.myapp                       V  nativeResume()
2022-12-09 13:59:01.440 13821-13853 SDL                     org.test.myapp                       V  Running main function SDL_main from library /data/app/~~AuNI2UxH6dmXc1KRsuV9aA==/org.test.myapp-tNYslrw1fpyKY9k2d9ObfA==/lib/arm64/libmain.so
2022-12-09 13:59:01.440 13821-13853 PythonActivity          org.test.myapp                       V  appConfirmedActive() -> preparing loading screen removal
2022-12-09 13:59:01.441 13821-13821 SensorManager           org.test.myapp                       D  registerListener fail (2) :: 11, bmi26x Accelerometer Non-wakeup, 20000, 0, org.libsdl.app.SDLSurface{42945f9 VFE...... .F....ID 0,0-1200,1892}
2022-12-09 13:59:01.441 13821-13853 SDL                     org.test.myapp                       V  nativeRunMain()
2022-12-09 13:59:01.441 13821-13821 ViewRootIm...nActivity] org.test.myapp                       I  [DP] dp(2) 1 android.view.SurfaceView.updateSurface:1375 android.view.SurfaceView.lambda$new$1$SurfaceView:254 android.view.SurfaceView$$ExternalSyntheticLambda2.onPreDraw:2 
2022-12-09 13:59:01.441 13821-13853 python                  org.test.myapp                       I  Initializing Python for Android
2022-12-09 13:59:01.441 13821-13821 ViewRootIm...nActivity] org.test.myapp                       I  [DP] pdf(1) 1 android.view.SurfaceView.notifyDrawFinished:599 android.view.SurfaceView.performDrawFinished:586 android.view.SurfaceView.$r8$lambda$st27mCkd9jfJkTrN_P3qIGKX6NY:0 
2022-12-09 13:59:01.441 13821-13853 python                  org.test.myapp                       I  Setting additional env vars from p4a_env_vars.txt
2022-12-09 13:59:01.441 13821-13821 ViewRootIm...nActivity] org.test.myapp                       D  pendingDrawFinished. Waiting on draw reported mDrawsNeededToReport=1
2022-12-09 13:59:01.441 13821-13853 python                  org.test.myapp                       I  Changing directory to the one provided by ANDROID_ARGUMENT
2022-12-09 13:59:01.441 13821-13853 python                  org.test.myapp                       I  /data/user/0/org.test.myapp/files/app
2022-12-09 13:59:01.441 13821-13853 python                  org.test.myapp                       I  Preparing to initialize python
2022-12-09 13:59:01.442 13821-13853 python                  org.test.myapp                       I  _python_bundle dir exists
2022-12-09 13:59:01.442 13821-13853 python                  org.test.myapp                       I  calculated paths to be...
2022-12-09 13:59:01.442 13821-13853 python                  org.test.myapp                       I  /data/user/0/org.test.myapp/files/app/_python_bundle/stdlib.zip:/data/user/0/org.test.myapp/files/app/_python_bundle/modules
2022-12-09 13:59:01.442 13821-13821 ViewRootIm...nActivity] org.test.myapp                       D  Creating frameDrawingCallback nextDrawUseBlastSync=false reportNextDraw=true hasBlurUpdates=false
2022-12-09 13:59:01.442 13821-13821 ViewRootIm...nActivity] org.test.myapp                       D  Creating frameCompleteCallback
2022-12-09 13:59:01.442 13821-13853 python                  org.test.myapp                       I  set wchar paths...
2022-12-09 13:59:01.445 13821-13854 SurfaceView@42945f9     org.test.myapp                       I  uSP: rtp = Rect(0, 36 - 1200, 1928) rtsw = 1200 rtsh = 1892
2022-12-09 13:59:01.445 13821-13854 SurfaceView@42945f9     org.test.myapp                       I  onSSPAndSRT: pl = 0 pt = 36 sx = 1.0 sy = 1.0
2022-12-09 13:59:01.445 13821-13855 ViewRootIm...nActivity] org.test.myapp                       D  Received frameDrawingCallback frameNum=1. Creating transactionCompleteCallback=false
2022-12-09 13:59:01.446 13821-13854 SurfaceView@42945f9     org.test.myapp                       I  aOrMT: uB = true t = android.view.SurfaceControl$Transaction@8af48b5 fN = 1 android.view.SurfaceView.access$500:124 android.view.SurfaceView$SurfaceViewPositionUpdateListener.positionChanged:1728 android.graphics.RenderNode$CompositePositionUpdateListener.positionChanged:319 
2022-12-09 13:59:01.446 13821-13854 SurfaceView@42945f9     org.test.myapp                       I  aOrMT: vR.mWNT, vR = ViewRootImpl@8d95fc1[PythonActivity]
2022-12-09 13:59:01.446 13821-13854 ViewRootIm...nActivity] org.test.myapp                       I  mWNT: t = android.view.SurfaceControl$Transaction@8af48b5 fN = 1 android.view.SurfaceView.applyOrMergeTransaction:1628 android.view.SurfaceView.access$500:124 android.view.SurfaceView$SurfaceViewPositionUpdateListener.positionChanged:1728 
2022-12-09 13:59:01.446 13821-13854 ViewRootIm...nActivity] org.test.myapp                       I  mWNT: merge t to BBQ
2022-12-09 13:59:01.450  1730-6540  InputDispatcher         pid-1730                             D  Focus request (0): 5084380 org.test.myapp/org.kivy.android.PythonActivity but waiting because NOT_VISIBLE
2022-12-09 13:59:01.460 13821-13849 ViewRootIm...nActivity] org.test.myapp                       D  Received frameCompleteCallback  lastAcquiredFrameNum=1 lastAttemptedDrawFrameNum=1
2022-12-09 13:59:01.462 13821-13821 ViewRootIm...nActivity] org.test.myapp                       I  [DP] pdf(0) 1 android.view.ViewRootImpl.lambda$addFrameCompleteCallbackIfNeeded$3$ViewRootImpl:4987 android.view.ViewRootImpl$$ExternalSyntheticLambda16.run:6 android.os.Handler.handleCallback:938 
2022-12-09 13:59:01.462 13821-13821 ViewRootIm...nActivity] org.test.myapp                       I  [DP] rdf()
2022-12-09 13:59:01.462 13821-13821 ViewRootIm...nActivity] org.test.myapp                       D  reportDrawFinished (fn: -1) 
2022-12-09 13:59:01.463  1730-6540  WindowManager           pid-1730                             D  finishDrawingWindow: Window{5084380 u0 org.test.myapp/org.kivy.android.PythonActivity} mDrawState=DRAW_PENDING
2022-12-09 13:59:01.464 13821-13821 DecorView               org.test.myapp                       I  notifyKeepScreenOnChanged: keepScreenOn=false
2022-12-09 13:59:01.464 13821-13821 DecorView               org.test.myapp                       I  notifyKeepScreenOnChanged: keepScreenOn=false
2022-12-09 13:59:01.465 13821-13821 DecorView               org.test.myapp                       I  notifyKeepScreenOnChanged: keepScreenOn=false
2022-12-09 13:59:01.466  1730-1907  ziparchive              pid-1730                             W  Unable to open '/data/app/~~AuNI2UxH6dmXc1KRsuV9aA==/org.test.myapp-tNYslrw1fpyKY9k2d9ObfA==/base.dm': No such file or directory
2022-12-09 13:59:01.467  1730-6540  WindowManager           pid-1730                             V  Relayout Window{5084380 u0 org.test.myapp/org.kivy.android.PythonActivity}: viewVisibility=0 req=1200x2000 d0
2022-12-09 13:59:01.468  1730-1907  PkgPredict...erviceImpl pid-1730                             I  reportToNAP uid:10294 org.test.myapp/org.kivy.android.PythonActivity thisTime:288
2022-12-09 13:59:01.471  1730-1907  ActivityTaskManager     pid-1730                             I  Displayed org.test.myapp/org.kivy.android.PythonActivity: +288ms
2022-12-09 13:59:01.471  1730-1911  WindowManager           pid-1730                             I  Reparenting to leash, surface=Surface(name=5084380 org.test.myapp/org.kivy.android.PythonActivity)/@0xa30b729, leashParent=Surface(name=ActivityRecord{9546ff0 u0 org.test.myapp/org.kivy.android.PythonActivity t460})/@0x142aaae
2022-12-09 13:59:01.471  1191-1257  SurfaceFlinger          pid-1191                             I  id=5491 createSurf (0x0),-1 flag=24000, Surface(name=5084380 org.test.myapp/org.kivy.android.PythonActivity)/@0xa30b729 - animation-leash of starting_reveal#0
2022-12-09 13:59:01.472  1730-1911  WindowManager           pid-1730                             D  makeSurface duration=1 leash=Surface(name=Surface(name=5084380 org.test.myapp/org.kivy.android.PythonActivity)/@0xa30b729 - animation-leash of starting_reveal)/@0x9f7e04f
2022-12-09 13:59:01.475 13821-13821 InsetsSourceConsumer    org.test.myapp                       D  ensureControlAlpha: for ITYPE_NAVIGATION_BAR on org.test.myapp/org.kivy.android.PythonActivity
2022-12-09 13:59:01.476 13821-13821 InsetsSourceConsumer    org.test.myapp                       D  ensureControlAlpha: for ITYPE_STATUS_BAR on org.test.myapp/org.kivy.android.PythonActivity
2022-12-09 13:59:01.477 13821-13821 ViewRootIm...nActivity] org.test.myapp                       I  Relayout returned: old=(0,0,1200,2000) new=(0,0,1200,2000) req=(1200,2000)0 dur=8 res=0x1 s={true 483487666176} ch=false fn=2
2022-12-09 13:59:01.477 13821-13821 ViewRootIm...nActivity] org.test.myapp                       I  updateBoundsLayer: t = android.view.SurfaceControl$Transaction@bc74b4a sc = Surface(name=Bounds for - org.test.myapp/org.kivy.android.PythonActivity@0)/@0x207cabb frame = 2
2022-12-09 13:59:01.478 13821-13821 ViewRootIm...nActivity] org.test.myapp                       I  mWNT: t = android.view.SurfaceControl$Transaction@bc74b4a fN = 2 android.view.ViewRootImpl.prepareSurfaces:2770 android.view.ViewRootImpl.performTraversals:4016 android.view.ViewRootImpl.doTraversal:2911 
2022-12-09 13:59:01.478 13821-13821 ViewRootIm...nActivity] org.test.myapp                       I  mWNT: merge t to BBQ
2022-12-09 13:59:01.480  1191-1191  SurfaceFlinger          pid-1191                             D  Display 4630946858896095617 HWC layers:
                                                                                                         CLIENT | 0xb400007628a87930 | 0100 | RGBx_8888    |  400.0    0.0 1600.0 2000.0 |    0    0 1200 2000 | Wallpaper BBQ wrapper#0
                                                                                                         CLIENT | 0xb400007610b5cfc0 | 0100 | RGBA_8888    |    0.0    0.0 1200.0 2000.0 |    0    0 1200 2000 | com.sec.android.app.launcher/com.sec[...].activities.LauncherActivity$_4687#0
                                                                                                         CLIENT | 0xb400007628a8a9c0 | 0100 | RGBA_8888    |    0.0    0.0 1200.0 2000.0 |   13   41 1160 1953 | Splash Screen org.test.myapp$_4138#0
                                                                                                         CLIENT | 0xb400007611578d40 | 0100 | RGBA_8888    |    0.0    0.0 1200.0   36.0 |    0    0 1200   36 | StatusBar$_4138#0
                                                                                                         CLIENT | 0xb400007610b5e370 | 0100 | RGBA_8888    |    0.0    0.0   67.0  191.0 | 1133  495 1200  686 | com.samsung.android.app.cocktailbars[...]arservice.CocktailBarService$_5978#0
                                                                                                         CLIENT | 0xb400007628a87fc0 | 0100 | RGBA_8888    |    0.0    0.0 1200.0   72.0 |    0 1928 1200 2000 | NavigationBar0$_4138#0
2022-12-09 13:59:01.483  1730-4276  InputDispatcher         pid-1730                             D  Focus entered window (0): 5084380 org.test.myapp/org.kivy.android.PythonActivity
2022-12-09 13:59:01.485 13821-13821 ViewRootIm...nActivity] org.test.myapp                       I  MSG_WINDOW_FOCUS_CHANGED 1 1
2022-12-09 13:59:01.485 13821-13821 SDL                     org.test.myapp                       V  onWindowFocusChanged(): true
2022-12-09 13:59:01.487 13821-13821 InputMethodManager      org.test.myapp                       D  startInputInner - Id : 0
2022-12-09 13:59:01.487 13821-13821 InputMethodManager      org.test.myapp                       I  startInputInner - mService.startInputOrWindowGainedFocus
2022-12-09 13:59:01.497  1191-1191  SurfaceFlinger          pid-1191                             D  Display 4630946858896095617 HWC layers:
                                                                                                         CLIENT | 0xb400007628a87930 | 0100 | RGBx_8888    |  400.0    0.0 1600.0 2000.0 |    0    0 1200 2000 | Wallpaper BBQ wrapper#0
                                                                                                         CLIENT | 0xb400007628a87e00 | 0100 | RGBA_8888    |    0.0    0.0 1200.0 2000.0 |    0    0 1200 2000 | com.sec.android.app.launcher/com.sec[...].activities.LauncherActivity$_4687#0
                                                                                                         CLIENT |              | 0002 |  Unknown  |    0.0    0.0    0.0    0.0 |    8   59 1176 1902 | Background for SurfaceView - org.tes[...]y.android.PythonActivity@42945f9@0#0
                                                                                                         CLIENT | 0xb400007610b5cd90 | 0100 | RGBA_8888    |    0.0    0.0 1200.0 2000.0 |    8   24 1176 1972 | org.test.myapp/org.kivy.android.PythonActivity$_13821#0
                                                                                                         CLIENT | 0xb400007628a8a9c0 | 0100 | RGBA_8888    |    0.0    0.0 1200.0 2000.0 |    8   24 1176 1972 | Splash Screen org.test.myapp$_4138#0
                                                                                                         CLIENT | 0xb400007611578d40 | 0100 | RGBA_8888    |    0.0    0.0 1200.0   36.0 |    0    0 1200   36 | StatusBar$_4138#0
                                                                                                         CLIENT | 0xb400007610b5e370 | 0100 | RGBA_
2022-12-09 13:59:01.498 13821-13821 InputMethodManager      org.test.myapp                       D  startInputInner - Id : 0
2022-12-09 13:59:01.501 13821-13853 python                  org.test.myapp                       I  Initialized python
2022-12-09 13:59:01.501 13821-13853 python                  org.test.myapp                       I  AND: Init threads
2022-12-09 13:59:01.502 13821-13853 python                  org.test.myapp                       I  testing python print redirection
2022-12-09 13:59:01.503 13821-13853 python                  org.test.myapp                       I  Android path ['.', '/data/user/0/org.test.myapp/files/app/_python_bundle/stdlib.zip', '/data/user/0/org.test.myapp/files/app/_python_bundle/modules', '/data/user/0/org.test.myapp/files/app/_python_bundle/site-packages']
2022-12-09 13:59:01.503 13821-13853 python                  org.test.myapp                       I  os.environ is environ({'PATH': '/product/bin:/apex/com.android.runtime/bin:/apex/com.android.art/bin:/system_ext/bin:/system/bin:/system/xbin:/odm/bin:/vendor/bin:/vendor/xbin', 'ANDROID_BOOTLOGO': '1', 'ANDROID_ROOT': '/system', 'ANDROID_ASSETS': '/system/app', 'ANDROID_DATA': '/data', 'ANDROID_STORAGE': '/storage', 'ANDROID_ART_ROOT': '/apex/com.android.art', 'ANDROID_I18N_ROOT': '/apex/com.android.i18n', 'ANDROID_TZDATA_ROOT': '/apex/com.android.tzdata', 'EXTERNAL_STORAGE': '/sdcard', 'ASEC_MOUNTPOINT': '/mnt/asec', 'DOWNLOAD_CACHE': '/data/cache', 'BOOTCLASSPATH': '/apex/com.android.art/javalib/core-oj.jar:/apex/com.android.art/javalib/core-libart.jar:/apex/com.android.art/javalib/okhttp.jar:/apex/com.android.art/javalib/bouncycastle.jar:/apex/com.android.art/javalib/apache-xml.jar:/system/framework/framework.jar:/system/framework/framework-graphics.jar:/system/framework/ext.jar:/system/framework/telephony-common.jar:/system/framework/voip-common.jar:/system/framework/ims-common.jar:/system/framework/knoxsdk.jar:/system/framework/knoxanalyticssdk.jar:/system/framework/drutils.jar:/system/framework/uibc_java.jar:/system/framework/SmpsManager.jar:/system/framework/esecomm.jar:/system/framework/tcmiface.jar:/system/framework/telephony-ext.jar:/system/framework/QPerformance.jar:/system/framework/UxPerformance.jar:/apex/com.android.i18n/javalib/core-icu4j.jar:/apex/com.android.appsearch/javalib/framework-appsearch.jar:/apex/com.android.conscrypt/javalib/conscrypt.jar:/apex/com.android.ipsec/javalib/android.net.ipsec.ike.jar:/apex/com.android.media/javalib/updatable-media.jar:/apex/com.android.mediaprovider/javalib/framework-mediaprovider.jar:/apex/com.android.os.statsd/javalib/framework-statsd.jar:/apex/com.android.permission/javalib/framework-permission.jar:/apex/com.android.permission/javalib/framework-permission-s.jar:/apex/com.android.scheduling/javalib/framework-scheduling.jar:/apex/com.android.sdkext/javalib/framework-sdkextensions.jar:/apex/com.android.tethering/javalib/framework-connectivity.jar:/apex/com.android.tethering/javalib/framework-tethering.jar:/apex/com.android.wifi/javalib/framework-wifi.jar:/apex/com.samsung.android.ipm/javalib/framework-samsung-ipm.jar:/apex/com.samsung.android.shell/javalib/framework-samsung-privilege.jar', 'DEX2OATBOOTCLASSPATH': '/apex/com.android.art/javalib/core-oj.jar:/apex/com.android.art/javalib/core-libart.jar:/apex/com.android.art/javalib/okhttp.jar:/apex/com.android.art/javalib/bouncycastle.jar:/apex/com.android.art/javalib/apache-xml.jar:/system/framework/framework.jar:/system/framework/framework-graphics.jar:/system/framework/ext.jar:/system/framework/telephony-common.jar:/system/framework/voip-common.jar:/system/framework/ims-common.jar:/system/framework/knoxsdk.jar:/system/framework/knoxanalyticssdk.jar:/system/framework/drutils.jar:/system/framework/uibc_java.jar:/system/framework/SmpsManager.jar:/system/framework/esecomm.jar:/system/framework/tcmiface.jar:/system/framework/telephony-ext.jar:/system/framework/QPerformance.jar:/system/framework/UxPerformance.jar:/apex/com.android.i18n/javalib/core-icu4j.jar', 'SYSTEMSERVERCLASSPATH': '/system/framework/com.android.location.provider.jar:/system/framework/services.jar:/system/framework/ethernet-service.jar:/system/framework/ssrm.jar:/system/framework/semwifi-service.jar:/apex/com.android.appsearch/javalib/service-appsearch.jar:/apex/com.android.art/javalib/service-art.jar:/apex/com.android.media/javalib/service-media-s.jar:/apex/com.android.permission/javalib/service-permission.jar:/apex/com.samsung.android.ipm/javalib/service-samsung-ipm.jar:/apex/com.samsung.android.shell/javalib/service-samsung-privilege.jar', 'STANDALONE_SYSTEMSERVER_JARS': '/apex/com.android.os.statsd/javalib/service-statsd.jar:/apex/com.android.scheduling/javalib/service-scheduling.jar:/apex/com.android.tethering/javalib/service-connectivity.jar', 'KNOX_STORAGE': '/data/knox/ext_sdcard', 'ENC_EMULATED_STORAGE_TARGET': '/storage/enc_emulated', 'ANDROID_SOCKET_zygote': '17', 'ANDROID_SOCKET_usap_pool_primary': '21
2022-12-09 13:59:01.503 13821-13853 python                  org.test.myapp                       I  Android kivy bootstrap done. __name__ is __main__
2022-12-09 13:59:01.503 13821-13853 python                  org.test.myapp                       I  AND: Ran string
2022-12-09 13:59:01.503 13821-13853 python                  org.test.myapp                       I  Run user program, change dir and execute entrypoint
2022-12-09 13:59:01.545  1730-6540  WindowManager           pid-1730                             D  	container=Task{6aef969 #460 type=standard A=10294:org.test.myapp U=0 visible=true mode=fullscreen translucent=false sz=1}
2022-12-09 13:59:01.558  1730-4276  WindowManager           pid-1730                             V  Relayout Window{8289b1c u0 Splash Screen org.test.myapp}: viewVisibility=8 req=1200x2000 d0
2022-12-09 13:59:01.559  1730-4276  WindowManager           pid-1730                             I  Reparenting to leash, surface=Surface(name=8289b1c Splash Screen org.test.myapp)/@0xf9c65d1, leashParent=Surface(name=ActivityRecord{9546ff0 u0 org.test.myapp/org.kivy.android.PythonActivity t460})/@0x142aaae
2022-12-09 13:59:01.559  1191-1257  SurfaceFlinger          pid-1191                             I  id=5493 createSurf (0x0),-1 flag=24000, Surface(name=8289b1c Splash Screen org.test.myapp)/@0xf9c65d1 - animation-leash of window_animation#0
2022-12-09 13:59:01.560  1730-4276  WindowManager           pid-1730                             D  makeSurface duration=1 leash=Surface(name=Surface(name=8289b1c Splash Screen org.test.myapp)/@0xf9c65d1 - animation-leash of window_animation)/@0xd433836
2022-12-09 13:59:01.569  1730-6540  WindowManager           pid-1730                             I  Cancelling animation restarting=false, leash=Surface(name=Surface(name=5084380 org.test.myapp/org.kivy.android.PythonActivity)/@0xa30b729 - animation-leash of starting_reveal)/@0x9f7e04f
2022-12-09 13:59:01.569  1730-6540  WindowManager           pid-1730                             I  Reparenting to original parent: Surface(name=ActivityRecord{9546ff0 u0 org.test.myapp/org.kivy.android.PythonActivity t460})/@0x142aaae, destroy=false, surface=Surface(name=5084380 org.test.myapp/org.kivy.android.PythonActivity)/@0xa30b729
2022-12-09 13:59:01.570  1730-6540  InputManager-JNI        pid-1730                             W  Input channel object '8289b1c Splash Screen org.test.myapp (client)' was disposed without first being removed with the input manager!
2022-12-09 13:59:01.580  1191-1191  SurfaceFlinger          pid-1191                             D  Display 4630946858896095617 HWC layers:
                                                                                                     SOLID_COLOR |              | 0002 |  Unknown  |    0.0    0.0    0.0    0.0 |    0   37 1200 1929 | Background for SurfaceView - org.tes[...]y.android.PythonActivity@42945f9@0#0
                                                                                                         DEVICE | 0xb400007628a8ab80 | 0100 | RGBA_8888    |    0.0    0.0 1200.0 1999.0 |    0    1 1200 2000 | org.test.myapp/org.kivy.android.PythonActivity$_13821#0
                                                                                                         CLIENT | 0xb400007628a8a9c0 | 0100 | RGBA_8888    |    0.0    0.0 1200.0 2000.0 |    0    0 1200 2000 | Splash Screen org.test.myapp$_4138#0
                                                                                                         CLIENT | 0xb400007611578d40 | 0100 | RGBA_8888    |    0.0    0.0 1200.0   36.0 |    0    0 1200   36 | StatusBar$_4138#0
                                                                                                         CLIENT | 0xb400007610b5e370 | 0100 | RGBA_8888    |    0.0    0.0   67.0  191.0 | 1133  495 1200  686 | com.samsung.android.app.cocktailbars[...]arservice.CocktailBarService$_5978#0
                                                                                                         CLIENT | 0xb400007628a87fc0 | 0100 | RGBA_8888    |    0.0    0.0 1200.0   72.0 |    0 1928 1200 2000 | NavigationBar0$_4138#0
2022-12-09 13:59:01.581  1191-1191  Layer                   pid-1191                             I  id=5491 mRemovedFromDrawingState Surface(name=5084380 org.test.myapp/org.kivy.android.PythonActivity)/@0xa30b729 - animation-leash of starting_reveal#0 (119)
2022-12-09 13:59:01.614  1730-1911  WindowManager           pid-1730                             I  Reparenting to original parent: Surface(name=ActivityRecord{9546ff0 u0 org.test.myapp/org.kivy.android.PythonActivity t460})/@0x142aaae, destroy=true, surface=Surface(name=8289b1c Splash Screen org.test.myapp)/@0xf9c65d1
2022-12-09 13:59:01.615  1730-1911  WindowManager           pid-1730                             E  win=Window{8289b1c u0 Splash Screen org.test.myapp EXITING} destroySurfaces: appStopped=false win.mWindowRemovalAllowed=true win.mRemoveOnExit=true win.mViewVisibility=8 caller=com.android.server.wm.ActivityRecord.destroySurfaces:5860 com.android.server.wm.ActivityRecord.destroySurfaces:5841 com.android.server.wm.WindowState.onExitAnimationDone:5989 com.android.server.wm.WindowStateAnimator.onAnimationFinished:242 com.android.server.wm.WindowState.onAnimationFinished:6242 com.android.server.wm.WindowContainer$$ExternalSyntheticLambda0.onAnimationFinished:2 com.android.server.wm.SurfaceAnimator.lambda$getFinishedCallback$0$SurfaceAnimator:113 
2022-12-09 13:59:01.615  1730-1911  WindowManager           pid-1730                             I  Destroying surface Surface(name=Splash Screen org.test.myapp$_4138)/@0xacbb22f called by com.android.server.wm.WindowStateAnimator.destroySurface:987 com.android.server.wm.WindowStateAnimator.destroySurfaceLocked:518 com.android.server.wm.WindowState.destroySurfaceUnchecked:4246 com.android.server.wm.WindowState.destroySurface:4220 com.android.server.wm.ActivityRecord.destroySurfaces:5860 com.android.server.wm.ActivityRecord.destroySurfaces:5841 com.android.server.wm.WindowState.onExitAnimationDone:5989 com.android.server.wm.WindowStateAnimator.onAnimationFinished:242 
2022-12-09 13:59:01.630  1191-1191  Layer                   pid-1191                             I  id=5477 mRemovedFromDrawingState Splash Screen org.test.myapp$_4138#0 (117)
2022-12-09 13:59:01.630  1191-1191  Layer                   pid-1191                             I  id=5476 mRemovedFromDrawingState 8289b1c Splash Screen org.test.myapp#0 (117)
2022-12-09 13:59:01.630  1191-1191  Layer                   pid-1191                             I  id=5493 mRemovedFromDrawingState Surface(name=8289b1c Splash Screen org.test.myapp)/@0xf9c65d1 - animation-leash of window_animation#0 (117)
2022-12-09 13:59:01.630  1191-1191  SurfaceFlinger          pid-1191                             I  id=5476 Removed 8289b1c Splash Screen org.test.myapp#0 (117)
2022-12-09 13:59:01.630  1191-1191  SurfaceFlinger          pid-1191                             I  id=5477 Removed Splash Screen org.test.myapp$_4138#0 (117)
2022-12-09 13:59:01.631  1191-1191  SurfaceFlinger          pid-1191                             I  id=5493 Removed Surface(name=8289b1c Splash Screen org.test.myapp)/@0xf9c65d1 - animation-leash of window_animation#0 (117)
2022-12-09 13:59:01.631  1191-1191  Layer                   pid-1191                             I  id=5493 Destroyed Surface(name=8289b1c Splash Screen org.test.myapp)/@0xf9c65d1 - animation-leash of window_animation#0
2022-12-09 13:59:01.631  1191-1191  Layer                   pid-1191                             I  id=5476 Destroyed 8289b1c Splash Screen org.test.myapp#0
2022-12-09 13:59:01.633  1191-1191  Layer                   pid-1191                             I  id=5477 Destroyed Splash Screen org.test.myapp$_4138#0
2022-12-09 13:59:01.646  1191-1191  SurfaceFlinger          pid-1191                             D  Display 4630946858896095617 HWC layers:
                                                                                                     SOLID_COLOR |              | 0002 |  Unknown  |    0.0    0.0    0.0    0.0 |    0   36 1200 1928 | Background for SurfaceView - org.tes[...]y.android.PythonActivity@42945f9@0#0
                                                                                                         DEVICE | 0xb400007628a8ab80 | 0100 | RGBA_8888    |    0.0    0.0 1200.0 2000.0 |    0    0 1200 2000 | org.test.myapp/org.kivy.android.PythonActivity$_13821#0
                                                                                                         DEVICE | 0xb400007611578d40 | 0100 | RGBA_8888    |    0.0    0.0 1200.0   36.0 |    0    0 1200   36 | StatusBar$_4138#0
                                                                                                         CLIENT | 0xb400007610b5e370 | 0100 | RGBA_8888    |    0.0    0.0   67.0  191.0 | 1133  495 1200  686 | com.samsung.android.app.cocktailbars[...]arservice.CocktailBarService$_5978#0
                                                                                                         CLIENT | 0xb400007611579670 | 0100 | RGBA_8888    |    0.0    0.0 1200.0   72.0 |    0 1928 1200 2000 | NavigationBar0$_4138#0
2022-12-09 13:59:01.732  1730-4277  MdnieScena...rolService pid-1730                             D   packageName : org.test.myapp    className : org.kivy.android.PythonActivity
2022-12-09 13:59:01.747 13821-13853 python                  org.test.myapp                       I  [INFO   ] [Logger      ] Record log in /data/user/0/org.test.myapp/files/app/.kivy/logs/kivy_22-12-09_13.txt
2022-12-09 13:59:01.747 13821-13853 python                  org.test.myapp                       I  [INFO   ] [Kivy        ] v2.1.0
2022-12-09 13:59:01.748 13821-13853 python                  org.test.myapp                       I  [INFO   ] [Kivy        ] Installed at "/data/user/0/org.test.myapp/files/app/_python_bundle/site-packages/kivy/__init__.pyc"
2022-12-09 13:59:01.748 13821-13853 python                  org.test.myapp                       I  [INFO   ] [Python      ] v3.9.9 (main, Dec  9 2022, 17:11:56) 
2022-12-09 13:59:01.748 13821-13853 python                  org.test.myapp                       I  [Clang 12.0.8 (https://android.googlesource.com/toolchain/llvm-project c935d99d
2022-12-09 13:59:01.748 13821-13853 python                  org.test.myapp                       I  [INFO   ] [Python      ] Interpreter at ""
2022-12-09 13:59:01.749 13821-13853 python                  org.test.myapp                       I  [INFO   ] [Logger      ] Purge log fired. Processing...
2022-12-09 13:59:01.750 13821-13853 python                  org.test.myapp                       I  [INFO   ] [Logger      ] Purge finished!
2022-12-09 13:59:01.752 13821-13853 python                  org.test.myapp                       I  [INFO   ] [KivyMD      ] 1.1.1, git-Unknown, 2022-12-09 (installed at "/data/user/0/org.test.myapp/files/app/_python_bundle/site-packages/kivymd/__init__.pyc")
2022-12-09 13:59:01.754 13821-13853 python                  org.test.myapp                       I  [INFO   ] [Factory     ] 189 symbols loaded
2022-12-09 13:59:02.725 13821-13853 python                  org.test.myapp                       I  [INFO   ] [Image       ] Providers: img_tex, img_dds, img_sdl2, img_pil (img_ffpyplayer ignored)
2022-12-09 13:59:02.752 13821-13853 python                  org.test.myapp                       I  [INFO   ] [Text        ] Provider: sdl2
2022-12-09 13:59:03.029 13821-13853 python                  org.test.myapp                       I  [INFO   ] [Window      ] Provider: sdl2
2022-12-09 13:59:03.040 13821-13821 DecorView               org.test.myapp                       I  notifyKeepScreenOnChanged: keepScreenOn=true
2022-12-09 13:59:03.041 13821-13853 libEGL                  org.test.myapp                       E  validate_display:537 error 3008 (EGL_BAD_DISPLAY)
2022-12-09 13:59:03.042 13821-13853 SDL                     org.test.myapp                       V  setOrientation() orientation=-1 width=800 height=600 resizable=true hint=
2022-12-09 13:59:03.044 13821-13853 python                  org.test.myapp                       I  [INFO   ] [GL          ] Using the "OpenGL ES 2" graphics system
2022-12-09 13:59:03.046 13821-13853 python                  org.test.myapp                       I  [INFO   ] [GL          ] Backend used <sdl2>
2022-12-09 13:59:03.046 13821-13853 python                  org.test.myapp                       I  [INFO   ] [GL          ] OpenGL version <b'OpenGL ES 3.2 V@0502.0 (GIT@5eaa426211, I07ee46fc66, 1633700387) (Date:10/08/21)'>
2022-12-09 13:59:03.046 13821-13853 python                  org.test.myapp                       I  [INFO   ] [GL          ] OpenGL vendor <b'Qualcomm'>
2022-12-09 13:59:03.046 13821-13853 python                  org.test.myapp                       I  [INFO   ] [GL          ] OpenGL renderer <b'Adreno (TM) 610'>
2022-12-09 13:59:03.047 13821-13853 python                  org.test.myapp                       I  [INFO   ] [GL          ] OpenGL parsed version: 3, 2
2022-12-09 13:59:03.047 13821-13853 python                  org.test.myapp                       I  [INFO   ] [GL          ] Texture max size <16384>
2022-12-09 13:59:03.047 13821-13853 python                  org.test.myapp                       I  [INFO   ] [GL          ] Texture max units <16>
2022-12-09 13:59:03.048  1730-4265  WindowManager           pid-1730                             V  Relayout Window{5084380 u0 org.test.myapp/org.kivy.android.PythonActivity}: viewVisibility=0 req=1200x2000 d0
2022-12-09 13:59:03.055 13821-13821 ViewRootIm...nActivity] org.test.myapp                       I  Relayout returned: old=(0,0,1200,2000) new=(0,0,1200,2000) req=(1200,2000)0 dur=8 res=0x1 s={true 483487666176} ch=false fn=3
2022-12-09 13:59:03.056 13821-13821 ViewRootIm...nActivity] org.test.myapp                       I  updateBoundsLayer: t = android.view.SurfaceControl$Transaction@bc74b4a sc = Surface(name=Bounds for - org.test.myapp/org.kivy.android.PythonActivity@0)/@0x207cabb frame = 3
2022-12-09 13:59:03.056 13821-13821 ViewRootIm...nActivity] org.test.myapp                       I  mWNT: t = android.view.SurfaceControl$Transaction@bc74b4a fN = 3 android.view.ViewRootImpl.prepareSurfaces:2770 android.view.ViewRootImpl.performTraversals:4016 android.view.ViewRootImpl.doTraversal:2911 
2022-12-09 13:59:03.056 13821-13821 ViewRootIm...nActivity] org.test.myapp                       I  mWNT: merge t to BBQ
2022-12-09 13:59:03.058 13821-13821 DecorView               org.test.myapp                       I  notifyKeepScreenOnChanged: keepScreenOn=false
2022-12-09 13:59:03.065  1730-4265  WindowManager           pid-1730                             V  Relayout Window{5084380 u0 org.test.myapp/org.kivy.android.PythonActivity}: viewVisibility=0 req=1200x2000 d0
2022-12-09 13:59:03.072 13821-13821 ViewRootIm...nActivity] org.test.myapp                       I  Relayout returned: old=(0,0,1200,2000) new=(0,0,1200,2000) req=(1200,2000)0 dur=8 res=0x1 s={true 483487666176} ch=false fn=4
2022-12-09 13:59:03.073 13821-13821 ViewRootIm...nActivity] org.test.myapp                       I  updateBoundsLayer: t = android.view.SurfaceControl$Transaction@bc74b4a sc = Surface(name=Bounds for - org.test.myapp/org.kivy.android.PythonActivity@0)/@0x207cabb frame = 4
2022-12-09 13:59:03.073 13821-13821 ViewRootIm...nActivity] org.test.myapp                       I  mWNT: t = android.view.SurfaceControl$Transaction@bc74b4a fN = 4 android.view.ViewRootImpl.prepareSurfaces:2770 android.view.ViewRootImpl.performTraversals:4016 android.view.ViewRootImpl.doTraversal:2911 
2022-12-09 13:59:03.073 13821-13821 ViewRootIm...nActivity] org.test.myapp                       I  mWNT: merge t to BBQ
2022-12-09 13:59:03.083 13821-13853 python                  org.test.myapp                       I  [INFO   ] [Window      ] auto add sdl2 input provider
2022-12-09 13:59:03.084 13821-13853 python                  org.test.myapp                       I  [INFO   ] [Window      ] virtual keyboard not allowed, single mode, not docked
2022-12-09 13:59:03.315 13821-13853 python                  org.test.myapp                       I  [ERROR  ] [Image       ] Not found <download.jpg>
2022-12-09 13:59:03.316 13821-13821 DecorView               org.test.myapp                       I  notifyKeepScreenOnChanged: keepScreenOn=false
2022-12-09 13:59:03.317 13821-13853 python                  org.test.myapp                       I  [WARNING] [Base        ] Unknown <android> provider
2022-12-09 13:59:03.317 13821-13853 python                  org.test.myapp                       I  [INFO   ] [Base        ] Start application main loop
2022-12-09 13:59:03.320 13821-13853 python                  org.test.myapp                       I  [INFO   ] [GL          ] NPOT texture support is available
2022-12-09 13:59:03.331  1730-4265  WindowManager           pid-1730                             V  Relayout Window{5084380 u0 org.test.myapp/org.kivy.android.PythonActivity}: viewVisibility=0 req=1200x2000 d0
2022-12-09 13:59:03.337 13821-13821 ViewRootIm...nActivity] org.test.myapp                       I  Relayout returned: old=(0,0,1200,2000) new=(0,0,1200,2000) req=(1200,2000)0 dur=5 res=0x1 s={true 483487666176} ch=false fn=5
2022-12-09 13:59:03.337 13821-13821 ViewRootIm...nActivity] org.test.myapp                       I  updateBoundsLayer: t = android.view.SurfaceControl$Transaction@bc74b4a sc = Surface(name=Bounds for - org.test.myapp/org.kivy.android.PythonActivity@0)/@0x207cabb frame = 5
2022-12-09 13:59:03.337 13821-13821 ViewRootIm...nActivity] org.test.myapp                       I  mWNT: t = android.view.SurfaceControl$Transaction@bc74b4a fN = 5 android.view.ViewRootImpl.prepareSurfaces:2770 android.view.ViewRootImpl.performTraversals:4016 android.view.ViewRootImpl.doTraversal:2911 
2022-12-09 13:59:03.337 13821-13821 ViewRootIm...nActivity] org.test.myapp                       I  mWNT: merge t to BBQ
2022-12-09 13:59:03.348 13821-13821 DecorView               org.test.myapp                       I  notifyKeepScreenOnChanged: keepScreenOn=false
2022-12-09 13:59:03.349  1730-4265  WindowManager           pid-1730                             V  Relayout Window{5084380 u0 org.test.myapp/org.kivy.android.PythonActivity}: viewVisibility=0 req=1200x2000 d0
2022-12-09 13:59:03.354 13821-13821 ViewRootIm...nActivity] org.test.myapp                       I  Relayout returned: old=(0,0,1200,2000) new=(0,0,1200,2000) req=(1200,2000)0 dur=6 res=0x1 s={true 483487666176} ch=false fn=6
2022-12-09 13:59:03.370  1191-1191  SurfaceFlinger          pid-1191                             D  Display 4630946858896095617 HWC layers:
                                                                                                         DEVICE | 0xb40000761157b9e0 | 0102 | RGBA_8888    |    0.0    0.0 1200.0 1892.0 |    0   36 1200 1928 | SurfaceView - org.test.myapp/org.kiv[...]id.PythonActivity@42945f9@0(BLAST)#0
                                                                                                         CLIENT | 0xb400007628a8ab80 | 0100 | RGBA_8888    |    0.0    0.0 1200.0 2000.0 |    0    0 1200 2000 | org.test.myapp/org.kivy.android.PythonActivity$_13821#0
                                                                                                         CLIENT | 0xb400007611578d40 | 0100 | RGBA_8888    |    0.0    0.0 1200.0   36.0 |    0    0 1200   36 | StatusBar$_4138#0
                                                                                                         CLIENT | 0xb400007610b5e370 | 0100 | RGBA_8888    |    0.0    0.0   67.0  191.0 | 1133  495 1200  686 | com.samsung.android.app.cocktailbars[...]arservice.CocktailBarService$_5978#0
                                                                                                         CLIENT | 0xb400007611579670 | 0100 | RGBA_8888    |    0.0    0.0 1200.0   72.0 |    0 1928 1200 2000 | NavigationBar0$_4138#0
2022-12-09 13:59:18.484 13821-13821 ViewRootIm...nActivity] org.test.myapp                       I  ViewPostIme pointer 0
2022-12-09 13:59:18.509  1191-1191  SurfaceFlinger          pid-1191                             D  Display 4630946858896095617 HWC layers:
